
  ___  ____  ____  ____  ____ (R)
 /__    /   ____/   /   ____/
___/   /   /___/   /   /___/   16.1   Copyright 1985-2019 StataCorp LLC
  Statistics/Data Analysis            StataCorp
                                      4905 Lakeway Drive
     MP - Parallel Edition            College Station, Texas 77845 USA
                                      800-STATA-PC        http://www.stata.com
                                      979-696-4600        stata@stata.com
                                      979-696-4601 (fax)

60-user 4-core Stata network perpetual license:
       Serial number:  501606216487
         Licensed to:  Ignacio Flores
                       insead

Notes:
      1.  Stata is running in batch mode.
      2.  Unicode is supported; see help unicode_advice.
      3.  More than 2 billion observations are allowed; see help obs_advice.
      4.  Maximum number of variables is set to 5000; see help set_maxvar.

. do /Users/iflores/Documents/GitHub/dina-latam/output/run_logs/20261007-222912
> /01a-clean-macro-data.wrapper.do 

. capture log close _all

. log using "/Users/iflores/Documents/GitHub/dina-latam/output/run_logs/2026100
> 7-222912/01a-clean-macro-data.stata.log", text replace
(note: file /Users/iflores/Documents/GitHub/dina-latam/output/run_logs/20261007
> -222912/01a-clean-macro-data.stata.log not found)
-------------------------------------------------------------------------------
      name:  <unnamed>
       log:  /Users/iflores/Documents/GitHub/dina-latam/output/run_logs/2026100
> 7-222912/01a-clean-macro-data.stata.log
  log type:  text
 opened on:   7 Oct 2026, 22:29:12

. capture noisily do "/Users/iflores/Documents/GitHub/dina-latam/code/Stata/01a
> -clean-macro-data.do"

. //This do file uses SNA data scrapped from http://data.un.org/ (in section 1.
> 1)
. //Gov. Balance Sheets from http://data.imf.org/ (in section 1.3)
. //using "code/R/manual-downloaders/download-raw-un-sna.R", which then was
. //cleaned using "code/R/01a_import-un-sna-data.R"
. 
. //0. PRELIMINARY ------------------------------------------------------------
> //
. 
. //General 
. clear all

. sysdir set PERSONAL "."

. clear programs

. 
. //preliminary
. global aux_part  ""preliminary"" 

. qui do "code/Stata/auxiliar/aux_general.do"

. 
. //Table names
. local TOT               "Table 4.1 Total Economy (S.1)"

. local RoW               "Table 4.2 Rest of the world (S.2)"

. local NFC               "Table 4.3 Non-financial Corporations (S.11)"

. local FC                "Table 4.4 Financial Corporations (S.12)"

. local GG                "Table 4.5 General Government (S.13)"

. local HH                "Table 4.6 Households (S.14)"

. local NPISH     "Table 4.7 Non-profit institutions serving households (S.15)"

. local corps     " Non-Financial and Financial Corporations (S.11 + S.12)"

. local CORPS     "Table 4.8 Combined Sectors`corps'"

. local HH_NPISH  "Table 4.9 Combined Sectors Households and NPISH (S.14 + S.15
> )"

. local all_IS    "TOT RoW NFC FC GG HH NPISH CORPS HH_NPISH"

. 
. //1. PREPARE AND CLEAN DATA -------------------------------------------------
> //
. 
. //1.1 UNDATA ----------------------------------------------------------------
> // 
. 
. local iter = 1

. tempfile tf_merge1

. foreach IS in `all_IS' {
  2.         tempvar auxi1 auxi2
  3.         qui use "input_data/sna_UNDATA/_clean/``IS''.dta", clear
  4. 
.         //Items & codes
.         qui rename sna93_item_code i_code
  5.         qui replace i_code = subinstr(i_code, ".", "",.) 
  6.         qui replace i_code = subinstr(i_code, "*", "",.) 
  7.         qui split sub_group, parse(-)
  8.         qui gen sg2 = substr(sub_group2,2,1) 
  9.         qui replace sg2 = "L" if strpos(sub_group2, "liabilities")
 10.         qui replace sg2 = "A" if strpos(sub_group2, "assets")
 11.         qui egen `auxi1' = concat(i_code sg2), punct(_)
 12. 
.         //Check for items with same code
.         qui sort iso year series `auxi1'
 13.         qui by iso year series `auxi1':  gen dup = cond(_N==1,0,_n)
 14.         qui egen `auxi2' = concat(`auxi1' dup) if dup > 0
 15.         qui replace `auxi2' = `auxi1' if dup == 0
 16.         qui replace `auxi2' = subinstr(`auxi2', "-", "",.) 
 17.         qui levelsof `auxi2', local(vars)
 18.         
.         //Get labels
.         qui egen item_lab = concat(sub_group2 item), punct(", `IS' (UN-DATA):
>  ")
 19.         qui levelsof `auxi2', local(lab_items)
 20.         foreach i in `lab_items' {
 21.                 qui levelsof item_lab if `auxi2' == "`i'", local(lab_item_
> `i') clean 
 22.         }
 23. 
.         //Reshape
.         qui keep iso year series `auxi2' value
 24.         qui reshape wide value, i(iso year series) j(`auxi2') string
 25.         qui rename value* `IS'_*
 26.         foreach i in `lab_items' {
 27.                 qui label var `IS'_`i' "`lab_item_`i''"
 28.         }
 29.         
.         //Save and merge
.         if (`iter' == 0) {
 30.                 qui mer 1:m iso year series using "`tf_merge1'", nogenerat
> e 
 31.         }
 32.         local iter = 0
 33.         qui save `tf_merge1', replace 
 34. }

. qui sort iso series year

. qui kountry iso, from(iso2c) to(iso3c) geo(undet)
iso2ciso3c_ISO3C_GEO
. 
. //Net balance of primary incomes for various sectors
. foreach IS in "FC" "NFC" "TOT" "CORPS" {
  2.         local s1 "1"
  3.         local s2 ""
  4.         if ("`IS'" == "TOT") {
  5.                 local s1 "U"
  6.                 local s2 "U"
  7.         }
  8.         qui gen `IS'_B5n_`s1' = `IS'_B5g_`s1' - `IS'_K1_`s2'
  9. }

. 
. //Keep only LATAM now   
. qui keep if inlist(GEO, "Caribbean", "South America", "Central America")

. qui egen ctry_srs = concat(iso series)

. qui encode ctry_srs, gen(ctry_srs_n)

. qui sort iso series year

. qui xtset ctry_srs_n year 

. 
. //Fill missing values and special cases [NEW CODE]
. foreach cod in "D4" "B2g" "B5g" "D5" {
  2.         foreach x in "U" "R" {
  3.                 cap qui replace HH_`cod'_`x' ///
>                         = HH_NPISH_`cod'_`x' ///
>                         if missing(HH_`cod'_`x') & ///
>                         !missing(HH_NPISH_`cod'_`x')
  4.                 local x "1"     
  5.                 cap qui replace CORPS_`cod'_`x' ///
>                         = NFC_`cod'_`x' + FC_`cod'_`x' ///
>                         if missing(CORPS_`cod'_`x') & ///
>                         !missing(NFC_`cod'_`x', FC_`cod'_`x')
  6.         }
  7. }

. 
. //Save
. tempfile tf_main 

. qui save `tf_main', replace 

. //qui save "Data/national_accounts/UNDATA-Merged.dta", replace
. 
. //1.1.1 wid.world data ------------------------------------------------------
> -// 
. 
. //define varlist
. global widvars mnninc mgdpro mnnfin mptfrr mptfrp inyixx npopul ///
>         mccshn mccmhn mcfcco mconfc mptfhr mgsmhn mgsrhn mgmxhn mprgco agninc

. clear

. 
. // Load WID macro indicators fetched by `dina sources include wid`
. qui use "input_data/wid/macro_national_accounts_indicators.dta", clear

. qui rename country iso 

. 
. //rename 
. qui kountry iso, from(iso2c) to(iso3c) geo(undet)
iso2ciso3c_ISO3C_GEO
. drop if missing(_ISO3C_)
(0 observations deleted)

. qui keep iso _ISO3C_ year variable value 

. qui rename _ISO3C_ country 

. qui order country year  

.         
. //reshape 
. reshape wide value, i(country year) j(variable) string  
(note: j = agninc992i agninc999i inyixx999i mccmhn999i mccshn999i mcfcco999i mc
> onfc999i mgdpro999i mgmxhn999i mgsmhn999i mgsrhn999i mnnfin999i mnninc999i mp
> rgco999i mptfhr999i mptfrp999i mptfrr999i npopul992f npopul992i npopul992m np
> opul999f npopul999i npopul999m)

Data                               long   ->   wide
-----------------------------------------------------------------------------
Number of obs.                    14188   ->     630
Number of variables                   5   ->      26
j variable (23 values)         variable   ->   (dropped)
xij variables:
                                  value   ->   valueagninc992i valueagninc999i 
> ... valuenpopul999m
-----------------------------------------------------------------------------

. 
. //rename main variables 
. qui rename value* *

. qui rename (agninc992i agninc999i) (agninc_adults agninc_totpop)

. qui rename *999i * //these are all macro variables (defined as 999 = total po
> p)

. qui rename *992i *_adults

. qui rename (mnninc mconfc inyixx) (TOT_B5n_wid TOT_K1_wid priceindex)

. qui drop *99?f *99?m

. 
. //Rename other variables
. qui rename (mgdpro mnnfin mptfrr mptfrp mccshn mccmhn mcfcco ///
>         mptfhr mgsmhn mgsrhn mgmxhn mprgco) ///
>                 (gdp_wid nfi re_portf_inv_rec re_portf_inv_paid cfc_hh_surplu
> s ///
>                 cfc_hh_mixed cfc_corp y_cap_tax_havens y_gos_gmix_hh ///
>                 y_gos_hh y_gmix_hh bpi_corp_wid)                

.                 
. 
. //compute current gross national income
. qui gen TOT_B5g_wid = TOT_B5n_wid + TOT_K1_wid

. foreach v in TOT_B5g_wid TOT_B5n_wid TOT_K1_wid gdp_wid {
  2.         qui replace `v' = `v' * priceindex
  3. }

. 
. //
. qui egen cfc_hh = rowtotal(cfc_hh_surplus cfc_hh_mixed)

. qui gen foreign_up_corp = re_portf_inv_rec - re_portf_inv_paid

. 
. //label variables 
. qui label var gdp_wid "gross domestic product"

. qui label var nfi "net foreign income"

. qui label var TOT_B5g_wid "gross national income"

. qui label var cfc_hh_mixed "personal depreciation on mixed income"

. qui label var cfc_hh "consumption of fixed capital of households"

. qui label var cfc_corp "consumption of fixed capital of corporations"

. qui label var TOT_K1_wid "consumption of fixed capital of the total economy"

. qui label var y_cap_tax_havens "capital income received from tax havens"

. qui label var y_gos_hh "gross operating surplus of households"

. qui label var y_gmix_hh "gross mixed income of households"

. qui label var bpi_corp_wid "balance of primary incomes of corporations (wid)"

. qui label var re_portf_inv_rec ///
>         "reinvested earnings on foreign portfolio investment (received)"

. qui label var re_portf_inv_paid ///
>         "reinvested earnings on foreign portfolio investment (paid)"    

. qui label var foreign_up_corp ///
>         "net foreign reinvested earnings on portfolio investment"       

. qui label var y_gos_gmix_hh ///
>         "gross operating surplus and mixed income of households"

. qui label var cfc_hh_surplus ///
>         "personal depreciation on operating surplus"

.         
. //Express as shares of target total
. qui gen sh_bpi_corp_for = foreign_up_corp / bpi_corp_wid

. qui la var sh_bpi_corp_for ///
>         "net foreign reinvested earnings on portfolio investment (% of Corp U
> nd. Profits)" 

. qui gen sh_cfc_corp = cfc_corp / bpi_corp_wid

. qui la var sh_cfc_corp ///
>         "consumption of fixed capital of corporations (% of Corp Und. Profits
> )"

. qui gen sh_cfc_hh_surplus = cfc_hh_surplus / y_gos_hh

. qui la var sh_cfc_hh_surplus ///
>         "Depreciation on operating surplus, HH (% of gross value)"

. qui gen sh_cfc_hh_mixed = cfc_hh_mixed / y_gmix_hh

. qui la var sh_cfc_hh_mixed ///
>         "Depreciation on mixed income (% of gross value)"

. qui gen sh_cfc_hh = cfc_hh / y_gos_gmix_hh

. qui la var sh_cfc_hh ///
>         "Consumption of fixed capital of households (% of MI + OS_HH)"

. ****ESTO ES MUY IMPORTANTE. AQUI!
. qui gen sh_cfc_total = TOT_K1_wid / TOT_B5g_wid

. qui la var sh_cfc_total ///
>         "Total Consumption of fixed capital (% of Gross National Income)"    
>            

. 
. qui merge 1:m iso year using `tf_main', nogenerate

. qui save `tf_main', replace

. //qui save "Data/national_accounts/UNDATA-WID-Merged.dta", replace 
. 
. //1.1.2 add some other UN-data for comparison -------------------------------
> --// 
. 
. //Total gross corporate uprofits 
. qui gen bpi_corp_tot = CORPS_B5g_1

. qui la var bpi_corp_tot ///
>         "Corporate undistributed profits, current LCU (undata)"

.         
. //Government share of corporte primary income
. qui gen sh_bpi_corp_gg = GG_D4_R / TOT_D4_R

. qui la var sh_bpi_corp_gg ///
>         "Government share of corporate undistributed profits, current LCU"   
>    

.                 
. //net corporate profits 
. qui gen bpi_corp_tot_net = bpi_corp_tot * (1 - sh_cfc_corp)

. qui la var bpi_corp_tot_net ///
>         "Corporate undistributed profits, net of depreciation, LCU"

.         
. //government share of corporate profits 
. qui gen bpi_corp_gg = bpi_corp_tot_net * (sh_bpi_corp_gg)

. qui la var bpi_corp_gg ///
>         "Government undistributed profits, net of depreciation, LCU"

.         
. //government net property income
. qui gen prop_inc_net_gg = GG_D4_R - GG_D4_U

. qui la var prop_inc_net_gg ///
>         "Government net property income"

. 
. //net private national corporate profits:
.         //in LCC
.         qui gen bpi_corp_hh_net = ///
>                 bpi_corp_tot_net * (1 - sh_bpi_corp_for - sh_bpi_corp_gg)

.         qui la var bpi_corp_hh_net ///
>                 "Net National private corp. undistributed profits, LCU"

.         //as % of uprofits
.         qui gen sh_bpi_corp_hh = bpi_corp_hh_net / bpi_corp_tot

.         qui la var sh_bpi_corp_hh ///
>                 "Net National private corp. UP, % of Total UP"  

.         assert sh_bpi_corp_hh <= 1 if !missing(sh_bpi_corp_hh)          

.         //as % of GNI
.         qui gen uprofits_hh_ni = (bpi_corp_hh_net / TOT_B5g_U) * 100

.         qui la var uprofits_hh_ni ///
>                 "Net national private corp. undistributed profits, % of GNI"

.         
. 
. //harmonize country names
. qui rename (_ISO3C_ GEO) (iso3c geo)

. qui kountry iso, from(iso2c) to(iso3c) geo(undet)
iso2ciso3c_ISO3C_GEO
. 
. //Save
. // Create directory if it doesnt exist 
. local dirpath "intermediary_data/national_accounts"

. mata: st_numscalar("exists", direxists(st_local("dirpath")))

. if (scalar(exists) == 0) {
.         mkdir "`dirpath'"
.         display "Created directory: `dirpath'"
. }

. qui save "intermediary_data/national_accounts/UNDATA-WID-Merged.dta", replace
>  

. 
. //1.3. BALANCE SHEETS -------------------------------------------------------
> //
. 
. //1.3.1 IMF Data (Government Finance Statistics)-----------------------------
> //
. 
. preserve

.         //Import financial balance sheets of general gov
.         import excel "input_data/balance_sheet/IMF/Balance_Sheet_Stock_GG.xls
> x" ///
>                 , sheet("Integrated Balance Sheet (Stoc") ///
>                 cellrange(A2:W515) firstrow clear
(23 vars, 513 obs)

.                 
.         //Lists 
.         local ordr "country year item A_stock L_stock"

.         ds, not(varlabel)
E  G  I  K  M  O  Q  S  U  W

.         local aux_list `r(varlist)'

.                 
.         //Rename some variables
.         qui rename Stockpositionliabilities L_stock

.         qui rename Stockpositionfinancialassets A_stock

. 
.         //check all variables are in same unit (millions or billions)   
.         tempvar aux1 

.         qui egen `aux1' = concat(`aux_list')

.         foreach unit in "M" "B" {
  2.                 tempvar aux_`unit'
  3.                 qui gen `aux_`unit'' = strpos(`aux1', "`unit'") > 0
  4.         }

.         qui count if (`aux_M' + `aux_B' > 1)

.         if r(N) != 0 {
.                 display as text "Gov financial balance sheets: " ///
>                         "Some variables not expressed in same unit"
.                 exit 1 
.         }

.         else {
.                 display as text "Gov financial balance sheets: " ///
>                         "All countries have variables in same unit"
Gov financial balance sheets: All countries have variables in same unit
.         }

. 
.         //Clean
.         qui keep `ordr' 

. 
.         //Reshape
.         qui encode item, gen(item_n)

.         qui levelsof item_n, local(item_numbs) 

.         foreach i in `item_numbs' {
  2.                 qui levelsof item if item_n == `i', local(item_n_`i') clea
> n
  3.         }

.         qui drop item

.         destring year, replace 
year: all characters numeric; replaced as int

.         label list item_n
item_n:
           1 Currency & deposits
           2 Debt securities
           3 Equity & investment fund shares
           4 Financial derivatives & employee stock options
           5 Insurance, pension, & standardized guarantee schemes (IPSGS)
           6 Loans
           7 Monetary gold & SDRs
           8 Other accounts receivable/payable
           9 SDRs

.         qui reshape wide A_stock L_stock, i(country year) j(item_n)

.         
.         //label new variables
.         foreach i in `item_numbs' {
  2.                 qui label var A_stock`i' "Stock, Assets, `item_n_`i'', IMF
>  Data"
  3.                 qui label var L_stock`i' "Stock, Liabilities, `item_n_`i''
> , IMF Data"
  4.         }

.         
.         //Clean
.         foreach v in "A" "L" {
  2.                 qui rename `v'_stock3 GG_equity_`v' 
  3.                 label var GG_equity_`v' " Gen. Gov.: Equity & investment f
> und shares (`v')"
  4.         }

.         tempvar aux2 

.         qui egen `aux2' = rowtotal (*stock*)

.         qui drop if `aux2' == 0 

. 
.         //Display available info 
.         qui levelsof country, local(ctries)

.         local iter = 1 

.         foreach c in `ctries'{
  2.                 if (`iter' == 1) {
  3.                         display as text "Countries with information on G. 
> Gov in Balance Sheets:"
  4.                         local iter = 0 
  5.                 }
  6.                 qui sum year if country == "`c'"
  7.                 display as text "-- `c' (`r(min)'-`r(max)')"    
  8.         } 
Countries with information on G. Gov in Balance Sheets:
-- Brazil (2011-2017)
-- Colombia (2011-2017)
-- El Salvador (2013-2017)
-- Peru (2011-2017)
-- Uruguay (2011-2017)

.         
.         //Prepare for merge 
.         qui kountry country, from(other) stuck marker 
_ISO3N_MARKER
.         qui count if MARKER != 1 

.         if (r(N) != 0) {
.                 display as text "At least one country unknown in IMF data"
.                 exit 1
.         }

.         qui rename _ISO3N_ iso3n_var

.         qui kountry iso3n_var, from(iso3n) to(iso2c)
iso3niso2c_ISO2C_
.         qui rename _ISO2C_ iso

.         drop MARKER iso3n_var

.         
.         //Save
.         tempfile tf_imfbs

.         qui save `tf_imfbs', replace 

. restore  

. 
. //Merge with main
. merge m:1 iso year using `tf_imfbs', nogenerate 
(note: variable country was str3, now str11 to accommodate using data's
       values)

    Result                           # of obs.
    -----------------------------------------
    not matched                         1,085
        from master                     1,085  
        from using                          0  

    matched                                36  
    -----------------------------------------

. 
. //1.3.2 OECD ----------------------------------------------------------------
> //
. 
. preserve

.         qui import excel ///
>                 "input_data/balance_sheet/OECD/balancesheets-br-col-mex.xls" 
> ///
>                 , sheet("OECD.Stat export") cellrange(A4:I3018) firstrow case
> (upper) clear

. 
.         //variables in lowercase
.         qui rename *, lower

. 
.         //Replace missing values in some strings
.         qui replace sector = c if missing(sector)

.         qui drop c 

.         qui replace transaction = "Total" if missing(transaction)

.         foreach v in "country" "year" "sector" "unit" "transaction_class" "c"
>  {
  2.                 qui replace `v' = `v'[_n-1] if missing(`v') 
  3.         }

.         qui egen trans = concat(transaction transaction_class), punct(", ")

. 
.         //Rename Institutional Sectors (short name)
.         qui gen sec = "TOT" if sector == "Total economy"

.         qui replace sec = "ROW" if sector == "Rest of the world"

.         qui replace sec = "GG" if sector == "  General government"

.         qui replace sec = "FC" if sector == "  Financial corporations" 

.         qui replace sec = "NFC" if sector == "  Non-financial corporations"

.         qui replace sec = "HH" ///
>                 if sector == "  Households and non-profit institutions servin
> g households"

. 
.         //Get labels for imputation after reshape
.         qui encode trans, gen(trans_n)

.         label list trans_n
trans_n:
           1 Currency and deposits, Financial assets
           2 Currency and deposits, Liabilities
           3 Insurance technical reserves, Financial assets
           4 Insurance technical reserves, Liabilities
           5 Loans, Financial assets
           6 Loans, Liabilities
           7 Monetary gold and SDRs, Financial assets
           8 Other accounts payable, Liabilities
           9 Other accounts receivable, Financial assets
          10 Securities other than shares, Financial assets
          11 Securities other than shares, Liabilities
          12 Shares and other equity, Financial assets
          13 Shares and other equity, Liabilities
          14 Total, Financial assets
          15 Total, Liabilities

.         local n_trans `r(k)'

.         forvalues n = 1(1)`n_trans' {
  2.                 qui levelsof trans if trans_n == `n', local(lab_trans_`n')
>  clean
  3.         }

.         qui levelsof sec, local(sec_n)

.         foreach s in `sec_n' {
  2.                 qui levelsof sector if sec == "`s'", local(lab_sec_`s') cl
> ean
  3.         }

. 
.         //Check for items with same code
.         qui egen sec_trans = concat (sec trans_n), punct(_)

.         qui drop transaction transaction_class trans h sector sec trans_n

.         sort country year unit sec_trans

.         qui by country year unit sec_trans:  gen dup = cond(_N==1,0,_n)

.         qui count if dup != 0 

.         if (r(N) != 0) {
.                 display as text "values of variable sec_trans" ///
>                         " are not unique within country year unit"
.                 exit 1  
.         }

.         drop dup

. 
.         //Harmonize values 
.         qui replace value = value * 1000 if strpos(unit, "Millions")

.         qui replace unit = subinstr(unit, ", Millions", "",.) 

. 
.         //Reshape 
.         qui reshape wide value, i(country year unit) j(sec_trans) string

.         qui rename value* *

.         foreach s in `sec_n' {
  2.                 forvalues n = 1(1)`n_trans' {
  3.                         cap confirm variable `s'_`n'
  4.                         if (!_rc) {
  5.                                 qui label var `s'_`n' ///
>                                 "`lab_sec_`s'', `lab_trans_`n'', OECD Balance
>  Sheets"
  6.                         }
  7.                 }
  8.         } 

. 
.         //Prepare for merge 
.         qui destring year, replace 

.         qui kountry country, from(other) stuck marker 
_ISO3N_MARKER
.         qui count if MARKER != 1 

.         if (r(N) != 0) {
.                 display as text "At least 1 Country in OECD data unknown"
.                 exit 1 
.         }

.         qui rename _ISO3N_ iso3numb 

.         qui kountry iso3numb, from(iso3n) to(iso2c) 
iso3niso2c_ISO2C_
.         qui drop MARKER iso3numb unit

.         qui rename _ISO2C_ iso

.         tempfile tf_oecd 

.         qui save `tf_oecd', replace  

. restore 

. 
. //Merge 
. qui merge m:1 iso year using `tf_oecd', nogenerate  

. 
. //Save 
. //qui save "Data/national_accounts/sna-all-countries.dta", replace 
. 
. //1.4. SOCIAL CONTRIBUTIONS -------------------------------------------------
> //
. 
. preserve

.         //General 
.         qui import excel "input_data/social_security_oecd/ssc-LatAm.xls" ///
>                 , sheet("OECD.Stat export") cellrange(A4:F3504) ///
>                 firstrow case(upper) clear

. 
.         //variables in lowercase
.         qui rename *, lower

. 
.         //Replace missing values in some strings
.         qui replace tax= "Total" if missing(tax)

.         foreach v in "country" "year" "tax" "unit" {
  2.                 qui replace `v' = `v'[_n-1] if missing(`v') 
  3.         }

. 
.         //Rename tax variables
.         qui gen sscs = "Total" if tax == "2000 Social security contributions"

.         qui replace sscs = "Employees" if tax == "2100 Employees"

.         qui replace sscs = "Emoloyers" if tax == "2200 Employers"

.         qui replace sscs = "Selfemp_nonemp" if tax == "2300 Self-employed or 
> non-employed"

.         qui replace sscs = "Other" if tax== "2400 Unallocable between 2100, 2
> 200 and 2300"

. 
.         //Get labels for imputation after reshape
.         qui levelsof sscs, local(sscs_n)

.         foreach s in `sscs_n' {
  2.                  qui levelsof tax if sscs == "`s'", local(lab_sscs_`s') cl
> ean
  3.         }

.         
.         //Check for items with same code
.         qui drop tax unit e

.         qui sort country year sscs

.         qui by country year sscs:  gen dup = cond(_N==1,0,_n)

.         qui count if dup != 0 

.         if (r(N) != 0) {
.                 display as text "values of variable sscs" ///
>                         " are not unique within country year unit"
.                 exit 1  
.         }

.         qui drop dup

. 
.         //Harmonize values 
.         qui replace value = "" if value == ".."

.         qui destring value, replace

.         qui replace value = value * 1000 

. 
.         //Reshape 
.         qui reshape wide value, i(country year) j(sscs) string

.         qui rename value* *

.         foreach s in `sscs_n' {
  2.                 cap confirm variable `s'
  3.                 if (!_rc) {
  4.                         qui label var `s' ///
>                         "`lab_sscs_`s'', OECD Social Contributions"
  5.                 }
  6.         }

. 
.         //Prepare for merge 
.         qui destring year, replace 

.         qui kountry country, from(other) stuck marker 
_ISO3N_MARKER
.         qui count if MARKER != 1 

.         if (r(N) != 0) {
.                 display as text "At least 1 country-name in OECD data unknown
> "
.                 exit 1 
.         }

.         qui rename _ISO3N_ isodrop

.         qui kountry isodrop, from(iso3n) to(iso2c)
iso3niso2c_ISO2C_
.         qui drop isodrop

.         qui rename _ISO2C_ iso

.         tempfile tf_oecd1

.         qui save `tf_oecd1', replace  

. restore 

. 
. //Merge 
. qui merge m:1 iso year using `tf_oecd1', nogenerate  

. 
. //Save 
. tempfile last 

. qui save `last'

. 
. // Harmonize country-names --------------------------------------------///   
>    
. qui import delimited using  ///
>         "input_data/sna_UNDATA/iso/iso_fullnames.csv" ///
>         , encoding(ISO-8859-1) clear varnames(1)        

. split name, parse(",") gen(stub)
variables created as string: 
stub1  stub2

. qui rename (code stub1) (iso iso_long)

. drop stub2 name

. qui merge 1:m iso using `last', keep(match) nogenerate

. 
. //cosmetics and save    
. order iso_long iso series year

. sort iso series year    

. qui save "intermediary_data/national_accounts/sna-all-countries.dta", replace
>    

. 
. 
end of do-file

. local dina_task_rc = _rc

. capture log close _all

. exit `dina_task_rc'

end of do-file
