
  ___  ____  ____  ____  ____ (R)
 /__    /   ____/   /   ____/
___/   /   /___/   /   /___/   16.1   Copyright 1985-2019 StataCorp LLC
  Statistics/Data Analysis            StataCorp
                                      4905 Lakeway Drive
     MP - Parallel Edition            College Station, Texas 77845 USA
                                      800-STATA-PC        http://www.stata.com
                                      979-696-4600        stata@stata.com
                                      979-696-4601 (fax)

60-user 4-core Stata network perpetual license:
       Serial number:  501606216487
         Licensed to:  Ignacio Flores
                       insead

Notes:
      1.  Stata is running in batch mode.
      2.  Unicode is supported; see help unicode_advice.
      3.  More than 2 billion observations are allowed; see help obs_advice.
      4.  Maximum number of variables is set to 5000; see help set_maxvar.

. do code/Stata/01g-add-public-spending-data.do 

. /////////////////////////////////////////////////////////////////////////////
> ///
> // IMPORT GOVT SPENDING TO MACRO DATABASE (In-kind social transfers)
. /////////////////////////////////////////////////////////////////////////////
> ///
> 
. clear all

. 
. //get list of paths 
. global aux_part " "preliminary" " 

. qui do "code/Stata/auxiliar/aux_general.do"

. global aux_part " "graph_basics" " 

. qui do "code/Stata/auxiliar/aux_general.do"

. 
. *bring expenditures from the local WID source workflow artifact
. qui use "input_data/wid/public_spending_gdp_shares.dta", clear

. qui drop con 

. qui rename exp con 

. tempfile tfwid

. qui save `tfwid' 

. 
. *bring un wb data 
. qui use "input_data/expenditure_durrer_gethin_fisherpost/expenditure_all_coun
> tries.dta", clear 

. qui append using `tfwid'

. 
. qui kountry iso, from(iso3c) geo(undet)
NAMES_STD GEO
. qui keep if inlist(GEO, "Central America", "Caribbean", "South America")

. 
. qui gen isit = .

. foreach c in $all_countries {
  2.         qui replace isit = 1 if iso == "`c'"
  3. }

. 
. //keep variables of interest (use World Bank series due to greater coverage)
. keep if isit ==  1
(3,631 observations deleted)

. qui replace source = "WID_old" if source == "WID"

. drop if inlist(source, "WID_old", "IMF")
(850 observations deleted)

. qui replace source = "WID" if source == "WID_web"

. drop if year < 1990
(330 observations deleted)

. keep iso year source exp con hea edu 

. rename iso country

. 
. //reahape to ccompare series 
. qui replace source = lower(source) 

. qui replace source = "_" + source

. qui reshape wide hea edu con /*exp*/, i(country year) j(source) string 

. 
. foreach v in con /*exp*/ hea edu {
  2.         qui rename `v'_wb `v'_gdp_wb
  3.         qui rename `v'_wid `v'_gdp_wid
  4. }

. 
. //interpolate (and extrapolate) missing values
. foreach var in "con_gdp_wb" "hea_gdp_wb" "edu_gdp_wb" {
  2.         tempvar aux_ipol
  3.         by country: ipolate `var' year, generate(`aux_ipol') epolate
  4.         replace `var' = `aux_ipol' if missing(`var')
  5. }
(55 real changes made)
(176 real changes made)
(172 real changes made)

. 
. //generate other in-kind transfers
. foreach s in wb wid {
  2.         qui egen hedu_gdp_`s' = rowtotal(hea_gdp_`s' edu_gdp_`s')
  3.         qui gen oex_gdp_`s' = con_gdp_`s' - hedu_gdp_`s'
  4. 
. }

. tempfile tf_exp

. qui save `tf_exp', replace

. 
. //Merge to SNA-WID-OECD database
. qui use "intermediary_data/national_accounts/UNDATA-WID-OECD-Merged.dta", cle
> ar
file intermediary_data/national_accounts/UNDATA-WID-OECD-Merged.dta not found
r(601);

end of do-file
r(601);
