
  ___  ____  ____  ____  ____ (R)
 /__    /   ____/   /   ____/
___/   /   /___/   /   /___/   16.1   Copyright 1985-2019 StataCorp LLC
  Statistics/Data Analysis            StataCorp
                                      4905 Lakeway Drive
     MP - Parallel Edition            College Station, Texas 77845 USA
                                      800-STATA-PC        http://www.stata.com
                                      979-696-4600        stata@stata.com
                                      979-696-4601 (fax)

60-user 4-core Stata network perpetual license:
       Serial number:  501606216487
         Licensed to:  Ignacio Flores
                       insead

Notes:
      1.  Stata is running in batch mode.
      2.  Unicode is supported; see help unicode_advice.
      3.  More than 2 billion observations are allowed; see help obs_advice.
      4.  Maximum number of variables is set to 5000; see help set_maxvar.

. do code/Stata/03e-extrapolate-bfm-correction.do 

. /*===========================================================================
> ==*
> Goal: Run bfm with extrapolated correction factors 
> Authors: Mauricio De ROSA, Ignacio FLORES, Marc MORGAN
> *============================================================================
> =*/
. 
. //General settings
. clear all

. 
. //to replace or not to replace
. if "${bfm_replace}" == "yes" local ext ""               

. if "${bfm_replace}" == "no" local ext "_norep"

. 
. //preliminary
. global aux_part  ""preliminary"" 

. qui do "code/Stata/auxiliar/aux_general.do"

. // --------------------------------------------------------------------------
> ---
. 
. 
. //Get list of countries and years to adjust
. preserve 

.         qui import excel "intermediary_data/weight_adjusters/index.xlsx", ///
>                 sheet("country_years_03d") firstrow clear               
file intermediary_data/weight_adjusters/index.xlsx not found
r(601);

end of do-file
r(601);
