
  ___  ____  ____  ____  ____ (R)
 /__    /   ____/   /   ____/
___/   /   /___/   /   /___/   16.1   Copyright 1985-2019 StataCorp LLC
  Statistics/Data Analysis            StataCorp
                                      4905 Lakeway Drive
     MP - Parallel Edition            College Station, Texas 77845 USA
                                      800-STATA-PC        http://www.stata.com
                                      979-696-4600        stata@stata.com
                                      979-696-4601 (fax)

60-user 4-core Stata network perpetual license:
       Serial number:  501606216487
         Licensed to:  Ignacio Flores
                       insead

Notes:
      1.  Stata is running in batch mode.
      2.  Unicode is supported; see help unicode_advice.
      3.  More than 2 billion observations are allowed; see help obs_advice.
      4.  Maximum number of variables is set to 5000; see help set_maxvar.

. do code/Stata/05c-impute-pretax.do 

. /////////////////////////////////////////////////////////////////////////////
> ///
> //
. //                                                      Title: IMPUTE MISSING
>  PRETAX INCOMES
. //      Production/consumption taxes, government income, social insurance bal
> ance
. //                       Authors: Mauricio DE ROSA, Ignacio FLORES, Marc MORG
> AN 
. //                                                                      Year:
>  2021
. //
. /////////////////////////////////////////////////////////////////////////////
> ///
> 
. clear all

. 
. //0. General settings -------------------------------------------------------
> ---
. 
. //get list of paths 
. global aux_part " "preliminary" " 

. qui do "code/Stata/auxiliar/aux_general.do"

. local lang $lang 

. local interpolation "spline" //for data from ceq

. local ds "oecd_gni" //select database gni gdp 

. *local unit $unit 
. 
. //define macros 
. if "${bfm_replace}" == "yes" local ext ""

. if "${bfm_replace}" == "no" local ext "_norep"

. 
. //1. Fetch incomes from SNA/OECD/WID dataset --------------------------------
> ---
. 
. tempfile tf_sna_pretax

. global varli country year bpi_corp_gg prop_inc_net_gg ///
>         tax_indg_oecd_gni gdp_wid TOT_B5g_wid GG_D61_R

. 
. //bring tax data 
. qui use $varli using ///
>         "intermediary_data/national_accounts/UNDATA-WID-OECD-Merged.dta", cle
> ar 
file intermediary_data/national_accounts/UNDATA-WID-OECD-Merged.dta not found
r(601);

end of do-file
r(601);
