
  ___  ____  ____  ____  ____ (R)
 /__    /   ____/   /   ____/
___/   /   /___/   /   /___/   16.1   Copyright 1985-2019 StataCorp LLC
  Statistics/Data Analysis            StataCorp
                                      4905 Lakeway Drive
     MP - Parallel Edition            College Station, Texas 77845 USA
                                      800-STATA-PC        http://www.stata.com
                                      979-696-4600        stata@stata.com
                                      979-696-4601 (fax)

60-user 4-core Stata network perpetual license:
       Serial number:  501606216487
         Licensed to:  Ignacio Flores
                       insead

Notes:
      1.  Stata is running in batch mode.
      2.  Unicode is supported; see help unicode_advice.
      3.  More than 2 billion observations are allowed; see help obs_advice.
      4.  Maximum number of variables is set to 5000; see help set_maxvar.

. do code/Stata/05d-impute-posttax-disp-nat.do 

. /////////////////////////////////////////////////////////////////////////////
> ///
> /////////////////////////////////////////////////////////////////////////////
> ///
> //
. //                                                      Title: IMPUTE DISPOSA
> BLE INCOME
. //                       Authors: Mauricio DE ROSA, Ignacio FLORES, Marc MORG
> AN 
. //                                                                      Year:
>  2022
. //
. /////////////////////////////////////////////////////////////////////////////
> ///
> 
. clear all

. 
. //0. General settings -------------------------------------------------------
> ---
. if "${bfm_replace}" == "yes" local ext ""

. if "${bfm_replace}" == "no" local ext "_norep"

. 
. //get list of paths 
. global aux_part " "preliminary" " 

. qui do "code/Stata/auxiliar/aux_general.do"

. global aux_part " "graph_basics" " 

. qui do "code/Stata/auxiliar/aux_general.do"

. 
. local lang $lang 

. local interpolation "spline" //for data from ceq

. local ds "oecd_gni" //select database gni gdp 

. 
. //1. Fetch taxes and social assistance transfers from SNA/OECD/WID ----------
> ---
. 
. tempfile tf_ceq tf_sna_tax

. 
. *prepare extension of variables  
. if "`interpolation'" == "spline" local i "si"

. if "`interpolation'" == "linear" local i "li"

. 
. //`u'_pre_fac_sca (factor income distribution for production taxes)
. //more detailed ceq data? 
. 
. //import ceq data 
. qui use country ctry_yr year ftile ///
>         sh_`i'_directtaxe sh_`i'_indirectta sh_`i'_vat sh_`i'_allcontrib ///
>         sh_`i'_conditiona sh_`i'_directtran sh_`i'_disposable sh_`i'_indirect
> su ///
>         sh_`i'_education sh_`i'_health ///
>         using  "input_data/CEQ/_clean/concentration/no_ssc.dta"         

. qui rename (sh_`i'_* ctry_yr) (sh_*_ceq ctry_yr_ceq) 

. qui drop if inlist(ctry_yr, "COL_2010", "MEX_2010", "MEX_2012", "PER_2009")

. qui drop year

. 
. //harmonise names (we should probably change indg name to avoid confusion)
. qui rename (sh_indirectta* sh_allcontrib*) (sh_indg* sh_ssc*)

. qui save `tf_ceq' 

. 
. //import SNA sheets
. local taxlist "tot pit_tot pit_corp pit_hh ssc indg"

. local taxlist2 "${oecd_taxes}"

. foreach v in `taxlist' `taxlist2' {
  2.         local taxlist_full `taxlist_full' tax_`v'_`ds' 
  3. }

. 
. //bring tax data 
. qui use country year `taxlist_full' uprofits_hh_ni gdp_wid TOT_B5g_wid ///
>         using "intermediary_data/national_accounts/UNDATA-WID-OECD-Merged.dta
> ", clear
file intermediary_data/national_accounts/UNDATA-WID-OECD-Merged.dta not found
r(601);

end of do-file
r(601);
