
  ___  ____  ____  ____  ____ (R)
 /__    /   ____/   /   ____/
___/   /   /___/   /   /___/   16.1   Copyright 1985-2019 StataCorp LLC
  Statistics/Data Analysis            StataCorp
                                      4905 Lakeway Drive
     MP - Parallel Edition            College Station, Texas 77845 USA
                                      800-STATA-PC        http://www.stata.com
                                      979-696-4600        stata@stata.com
                                      979-696-4601 (fax)

60-user 4-core Stata network perpetual license:
       Serial number:  501606216487
         Licensed to:  Ignacio Flores
                       insead

Notes:
      1.  Stata is running in batch mode.
      2.  Unicode is supported; see help unicode_advice.
      3.  More than 2 billion observations are allowed; see help obs_advice.
      4.  Maximum number of variables is set to 5000; see help set_maxvar.

. do code/Stata/06b-graph-ineqstats-countries-variables.do 

. /////////////////////////////////////////////////////////////////////////////
> ///
> //
. //                                              Title: INEQUALITY STATISTICS 
> - GRAPHS 
. //                       Authors: Mauricio DE ROSA, Ignacio FLORES, Marc MORG
> AN 
. //                                                                      Year:
>  2025
. //
. //                      Description:
. //                      Graph income shares, composition and ginis for every 
> country-year 
. //                      at each step. 
. //
. /////////////////////////////////////////////////////////////////////////////
> ///
>  
. //General settings 
. clear all 

. 
. //Options 
. global ineqvars " "t10_sh" "m40_sh" "b50_sh" "gini" "t1_sh" " 

. global groups " "tot" "t10" "m40" "b50" "t1" "

. local graph_avg "NO" // "YES" if we want it 

. 
. //Preliminary   
. global aux_part  ""preliminary"" 

. qui do "code/Stata/auxiliar/aux_general.do"

. local lang $lang 

. 
. // PART 0: Inflation (WID.WORLD & World Bank)------------------------------
. 
. local last_minus1 = $last_y - 1 

. local last_y = $last_y 

. 
. //cpi indexes 
. qui use "input_data/prices_WB//inflation_latam.dta"

. cap drop __*

. drop if missing(inflation)
(0 observations deleted)

. drop if year > $last_y
(0 observations deleted)

. drop if year < $first_y
(270 observations deleted)

. qui gen cpi_`last_y' = 1 if year == $last_y

. qui gen infl_aux = inflation / 100

. forvalues v = `last_minus1'(-1)$first_y {
  2.         qui replace cpi_`last_y' = ///
>                 cpi_`last_y'[_n+1] * 1/(1 + infl_aux[_n+1]) if year == `v'
  3. }

. 
. *
. qui keep country year cpi_`last_y'

. *qui drop if country == "ARG"
. tempfile tf_cpi 

. qui save `tf_cpi', replace

. 
. //use WID deflator and PPP rates fetched by `dina sources include wid`
. qui use "input_data/wid/prices_deflator_ppp_eur.dta", clear

. qui rename defl_xxxx defl_`last_y'

. 
. //save xrates from `last_y' in memory 
. qui levelsof country, local(ctries_wid) clean 

. foreach c in `ctries_wid' {
  2.         qui levelsof xppp_eur if country == "`c'" & year == `last_y' ///
>                 , local(xppp`last_y'_`c') clean 
  3. }

. 
. //save matrix for later 
. tempfile tf_infl

. qui save `tf_infl', replace 

. 
. //Merge CPI and GDP deflator
. qui merge 1:1 country year using `tf_cpi', //keep(3) nogen 

. qui drop if _merge != 3 & !inlist(country, "ARG", "CRI", "DOM")

. qui drop if year < $first_y 

. qui drop _merge 

. qui save `tf_infl', replace

. 
. // PART 1: INCOME SHARES, AVERAGE AND INDEXES -------------------------------
. 
. ////bring list of extrapolated years by country
> global aux_part  ""list_bfm_extrap"" 

. qui do "code/Stata/auxiliar/aux_general.do"
file intermediary_data/weight_adjusters/index.xlsx not found
r(601);

end of do-file
r(601);
