
  ___  ____  ____  ____  ____ (R)
 /__    /   ____/   /   ____/
___/   /   /___/   /   /___/   16.1   Copyright 1985-2019 StataCorp LLC
  Statistics/Data Analysis            StataCorp
                                      4905 Lakeway Drive
     MP - Parallel Edition            College Station, Texas 77845 USA
                                      800-STATA-PC        http://www.stata.com
                                      979-696-4600        stata@stata.com
                                      979-696-4601 (fax)

60-user 4-core Stata network perpetual license:
       Serial number:  501606216487
         Licensed to:  Ignacio Flores
                       insead

Notes:
      1.  Stata is running in batch mode.
      2.  Unicode is supported; see help unicode_advice.
      3.  More than 2 billion observations are allowed; see help obs_advice.
      4.  Maximum number of variables is set to 5000; see help set_maxvar.

. do /Users/iflores/Documents/GitHub/dina-latam/output/run_logs/20261008-070045
> /01c-import-tax-composition.wrapper.do 

. capture log close _all

. log using "/Users/iflores/Documents/GitHub/dina-latam/output/run_logs/2026100
> 8-070045/01c-import-tax-composition.stata.log", text replace
(note: file /Users/iflores/Documents/GitHub/dina-latam/output/run_logs/20261008
> -070045/01c-import-tax-composition.stata.log not found)
-------------------------------------------------------------------------------
      name:  <unnamed>
       log:  /Users/iflores/Documents/GitHub/dina-latam/output/run_logs/2026100
> 8-070045/01c-import-tax-composition.stata.log
  log type:  text
 opened on:   8 Oct 2026, 07:00:45

. capture noisily do "/Users/iflores/Documents/GitHub/dina-latam/code/Stata/01c
> -import-tax-composition.do"

. /////////////////////////////////////////////////////////////////////////////
> ///
> //                      Bring tax data from OECD-CIAT-CEPAL 
. /////////////////////////////////////////////////////////////////////////////
> ///
> 
. //General 
. clear all

. 
. //Paths to files 
. global aux_part  ""preliminary"" 

. qui do "code/Stata/auxiliar/aux_general.do"

. 
. //define language 
. local lang $lang

. local unit $unit 

. 
. //0. Clean data -------------------------------------------------------------
> ---
. 
. *The current OECD download contains the historical series as well as the
. *latest release.  Do not require a retired companion workbook just to obtain
. *older years.
. qui import delimited "input_data/OECD-CIAT-CEPAL/tot_tax_pct_gdp_2024.csv" , 
>  clear

. qui keep ref_area time_period obs_value revenue_code 

. qui rename (ref_area time_period obs_value)(country year c) 

. qui reshape wide c, i(country year) j(revenue_code) string

. qui drop if inlist(country, "OECD_REP", "A9")

. qui renvars, subst("c" "_")

. qui rename _ountry iso   

. qui levelsof iso, clean local(isos)

. qui gen iso_long = ""

. foreach i in `isos' {
  2.         di as result "`i': ${lname_`i'_eng}"
  3.         replace iso_long = "${lname_`i'_eng}" if iso == "`i'"
  4. }
ARG: Argentina
variable iso_long was str1 now str9
(33 real changes made)
ATG: 
(0 real changes made)
BHS: 
(0 real changes made)
BLZ: 
(0 real changes made)
BOL: Bolivia
(33 real changes made)
BRA: Brazil
(33 real changes made)
BRB: 
(0 real changes made)
CHL: Chile
(33 real changes made)
COL: Colombia
(33 real changes made)
CRI: Costa Rica
variable iso_long was str9 now str10
(33 real changes made)
CUB: 
(0 real changes made)
DOM: Dominican Republic
variable iso_long was str10 now str18
(33 real changes made)
ECU: Ecuador
(33 real changes made)
GTM: 
(0 real changes made)
GUY: 
(0 real changes made)
HND: 
(0 real changes made)
JAM: 
(0 real changes made)
LCA: 
(0 real changes made)
MEX: Mexico
(33 real changes made)
NIC: 
(0 real changes made)
PAN: 
(0 real changes made)
PER: Peru
(33 real changes made)
PRY: Paraguay
(33 real changes made)
SLV: El Salvador
(33 real changes made)
TTO: 
(0 real changes made)
URY: Uruguay
(33 real changes made)
VEN: Venezuela
(28 real changes made)

. qui gen la_g10 = .

. foreach i in $all_countries {
  2.         qui replace la_g10 = 1 if iso == "`i'"
  3. }

. qui gen country = iso_long 

. qui drop iso_long 

. qui keep if year >= 1990

. tempfile tf_newer 

. qui rename _TOTALTAX tax_total

. qui drop if missing(country) 

. qui save `tf_newer'

. 
. *clean countries and groups
. qui use `tf_newer', clear

. sort iso year

. ds _* 
_1000  _1220  _2200  _2400  _4110  _4310  _4600  _5113  _5125  _5210  _6000
_1100  _1300  _2210  _2410  _4120  _4320  _5000  _5120  _5126  _5211  _6100
_1110  _2000  _2220  _2420  _4200  _4400  _5100  _5121  _5127  _5212  _6200
_1120  _2100  _2300  _3000  _4210  _4500  _5110  _5122  _5128  _5213
_1200  _2110  _2310  _4000  _4220  _4510  _5111  _5123  _5130  _5220
_1210  _2120  _2320  _4100  _4300  _4520  _5112  _5124  _5200  _5300

. foreach tax in `r(varlist)' tax_total {
  2.         replace `tax' = 0 if missing(`tax')
  3. }
(2 real changes made)
(117 real changes made)
(221 real changes made)
(365 real changes made)
(117 real changes made)
(175 real changes made)
(437 real changes made)
(61 real changes made)
(4 real changes made)
(315 real changes made)
(327 real changes made)
(327 real changes made)
(269 real changes made)
(314 real changes made)
(314 real changes made)
(330 real changes made)
(394 real changes made)
(394 real changes made)
(14 real changes made)
(205 real changes made)
(205 real changes made)
(0 real changes made)
(0 real changes made)
(0 real changes made)
(267 real changes made)
(265 real changes made)
(0 real changes made)
(375 real changes made)
(372 real changes made)
(0 real changes made)
(370 real changes made)
(370 real changes made)
(0 real changes made)
(0 real changes made)
(393 real changes made)
(393 real changes made)
(0 real changes made)
(0 real changes made)
(0 real changes made)
(0 real changes made)
(0 real changes made)
(5 real changes made)
(5 real changes made)
(0 real changes made)
(0 real changes made)
(0 real changes made)
(0 real changes made)
(0 real changes made)
(0 real changes made)
(0 real changes made)
(0 real changes made)
(0 real changes made)
(0 real changes made)
(0 real changes made)
(110 real changes made)
(134 real changes made)
(157 real changes made)
(157 real changes made)
(133 real changes made)
(0 real changes made)
(0 real changes made)
(23 real changes made)
(23 real changes made)
(4 real changes made)

. 
. //build residual variables 
. *Other taxes on products 
. qui gen _5999 = _5000 - _5110 

. *Other on property
. qui egen _auxprop = rowtotal(_4100 _4200 _4300) 

. qui gen _4999 = _4000 - _auxprop

. 
. //make adhoc arrangement for comparability 
. tempvar pers_over_inc 

. qui gen `pers_over_inc' = _1100 / _1000 

. forvalues t = 2000 / $last_y {
  2.         qui sum `pers_over_inc' if inlist(country, "Chile", "Colombia", "P
> eru") ///
>                 & year == `t'
  3.         local avg_ccp = r(mean) 
  4.         qui replace _1100 = _1000 * `avg_ccp' ///
>                 if country == "Ecuador" & year == `t'
  5.         qui replace _1200 = _1000 * (1-`avg_ccp') ///
>                 if country == "Ecuador" & year == `t'
  6.         qui replace `pers_over_inc' = `avg_ccp' ///
>                 if country == "Ecuador" & year == `t'
  7. }

. /*
> xtline `pers_over_inc' if ///
>         inlist(country, "Chile", "Colombia", "Peru", "Ecuador"), ///
>         i(country) t(year) overlay
> */      
. 
. *1. Exploratory graphs ------------------------------------------------------
> ---
. global aux_part  ""graph_basics"" 

. qui do "code/Stata/auxiliar/aux_general.do"

. 
. *define list of taxes 
. *capital gains is always very low (incl in 1100)
. *donde hay ssc de self employed, siempre es muy bajo (2300)
. *impuestos mineros 
. local tax_codes "4200 4100 4300 1200 1300 4999 1100 3000 2000 5110 5999 6000"
>  

. *local tax_codes "4200 4100 4300 4999 1000 3000 2000 5110 5999 6000" 
. foreach x in `tax_codes' {
  2.         local tax_vars `tax_vars' _`x'
  3. }

. 
. *get total 
. foreach v in `tax_vars' {
  2.         foreach f in posi nega {
  3.                 if "`f'" == "posi" local sign > 
  4.                 if "`f'" == "nega" local sign < 
  5.                 qui gen `f'`v' = 0 
  6.                 qui replace `f'`v' = `v' if `v' `sign' 0 & !missing(`v')
  7.         }
  8. }

. 
. *stack
. local iter = 1 

. foreach f in posi nega {
  2.         foreach v in `tax_vars' {
  3.                 *prepare lists for graph 
.                 local `f'_stacklist "`f'`v' ``f'_stacklist'"
  4.                 local `f'_areas ``f'_areas' ///
>                         (area `f'_f_`f'`v' year if `f'_f_`f'`v' != 0, color($
> {c`v'}) lwidth(none) barwidth(.9)) 
  5.                 if "`f'" == "posi" local leg_`f' `leg_`f'' `iter' "${lab`v
> '_`lang'}"
  6.                 local iter = `iter' + 1
  7.         }
  8. }

. genstack `posi_stacklist' , gen(posi_f_)

. genstack `nega_stacklist' , gen(nega_f_)

. 
. // Create directory if it doesnt exist 
. local dirpath "output/figures/total-taxes"

. mata: st_numscalar("exists", direxists(st_local("dirpath")))

. if (scalar(exists) == 0) {
.         mkdir "`dirpath'"
.         display "Created directory: `dirpath'"
. }

. 
. * without legend
. preserve

. graph twoway `posi_areas' `nega_areas' ///
>         (line tax_total year, lcolor(black) mfcolor(white) ///
>         mcolor(black) msize(medsmall)) if la_g10 == 1 ///
>         , by(country) ylab(, $lab_opts) xlab(,$lab_opts) ylab(,$lab_opts) ///
>         xtit("") ytit("Share of GDP") legend(order(/*`leg_posi'*/ 0 "")) ///
>         $graph_scheme 

.         //save
. qui graph export "output/figures/total-taxes/decomp_taxes_gdp.pdf", replace

. 
. * with legend
. graph twoway `posi_areas' `nega_areas' ///
>         (line tax_total year, lcolor(black) mfcolor(white) ///
>         mcolor(black) msize(medsmall)) if la_g10 == 1 ///
>         , by(country) ylab(, $lab_opts) xlab(,$lab_opts) ylab(,$lab_opts) ///
>         xtit("") ytit("Share of GDP") legend(order(`leg_posi')) ///
>         $graph_scheme 

.         //save
. qui graph export "output/figures/total-taxes/legend.pdf", replace

. restore

. 
. //2. Merge OECD to UN data and compare totals------------------------------
. 
. // Recover 3-letter iso codes and gdp 
. preserve

.         qui use year country iso_long if !missing(country) ///
>                 using "intermediary_data/national_accounts/sna-all-countries.
> dta", clear

.         sort country year

.         drop if year==year[_n-1]
(161 observations deleted)

.         rename country iso

.         rename iso_long country

.         tempfile iso_codes

.         qui save `iso_codes', replace

. restore

. 
. //Merge country year to get 3-letter iso
. qui merge m:1 country year using `iso_codes', nogenerate

. 
. // Prepare to merge with UN data
. qui keep country year tax_total _* iso

. rename country country_long

. rename iso country

. 
. drop if inlist(country_long, ///
>         "OECD - Average", "Non-OECD Economies", /// 
>          "Other Groups", "Latin America and the Caribbean")
(0 observations deleted)

. tempfile tax_tots        

. qui save `tax_tots', replace

. 
. //Merge OECD and UN databases
. qui use "intermediary_data/national_accounts/UNDATA-WID-Merged.dta", clear

. qui merge m:m country year using `tax_tots', nogen

. 
. //Keep relevant countries 
. tempvar discriminate 

. qui gen `discriminate' = . 

. foreach c in $all_countries {
  2.         qui replace `discriminate' = 1 if country == "`c'"
  3. }

. qui drop if `discriminate' != 1 

. 
. //Keep most recent series by year
. //Too little detail or empty, while better options are available
. drop if series == 1000 & (country == "BRA" & inrange(year, 2000, 2009)) 
(8 observations deleted)

. drop if series == 200 & (country == "BRA") 
(13 observations deleted)

. *drop if (country == "ARG" & year >= 2000) & series == 1100 & year != 2016
. *drop if (iso == "AR" & year < 2004)
. drop if (country == "MEX" & year >= 2000 & year <= 2002) & series == 300
(3 observations deleted)

. 
. //save country-years in memory 
. qui egen country_year = concat(country year)

. qui levelsof country, local(all_ctries)

. foreach c in `all_ctries' {
  2.         qui levelsof country_year if country == "`c'", local(ctry_yrs_`c')
  3.         foreach cy in `ctry_yrs_`c'' {
  4.                 qui sum series if country_year=="`cy'"
  5.                 qui drop if country_year=="`cy'" & series!=r(max)
  6.         }               
  7. }       

. drop if year < 1990
(0 observations deleted)

. 
. //get national income adjuster (one of the probably is in real terms)
. qui gen gdp_to_gni = gdp_wid / TOT_B5g_wid

. qui la var gdp_to_gni "GDP/GNI, from WID.world"

. 
. //negative variables 
. qui gen neg_4500 = -(_4500)

. qui gen neg_4300 = -(_4300)

. 
. //Build variables for comparison 
. 
. *details 
. label var country_long "country"

. 
. *tax totals  
. local un_rowt_tot TOT_D2D3_U TOT_D5_U TOT_D61_U

. local oecd_rowt_tot tax_total neg_4500 neg_4300

. *property and income taxes - Total
. local un_rowt_pit_tot TOT_D5_U

. local oecd_rowt_pit_tot _1100 _1200 _4100 _4200 _4600 _6000 _5200 _5127

. *property and income taxes - Corporate sector
. local un_rowt_pit_corp NFC_D5_ FC_D5_

. local oecd_rowt_pit_corp _1200 _4220

. *property and income taxes - Households
. local un_rowt_pit_hh HH_D5_U

. local oecd_rowt_pit_hh "_1100 _4110 _4210"

. *social security contributions 
. local un_rowt_ssc TOT_D61_U

. local oecd_rowt_ssc _2000

. *indirect taxes on goods and services 
. local un_rowt_indg TOT_D2_U

. local oecd_rowt_indg _3000 _4400 _5000 _6200

. *indirect taxes on goods and services (net)
. local un_rowt_indn TOT_D2D3_U

. 
. 
. *More detailed composition:
. local oecd_rowt_pit _1100 _1300 //personal (and other) income tax

. local oecd_rowt_cit _1200 //corporate income tax

. *social security contributions already defined
. local oecd_rowt_prl _3000 //payroll

. local oecd_rowt_imo _4100 //immovable property (all)

. local oecd_rowt_wea _4200 //wealth of individuals and corp (agregar 4999?)

. local oecd_rowt_est _4300 //estate taxes 

. local oecd_rowt_otp _4999 //other taxes on property 

. local oecd_rowt_gog _5110 //general on goods and services

. local oecd_rowt_goo _5999 //other on goods and services

. local oecd_rowt_oth _6000 //other 

. 
. 
. //loop over fine-detail variables (only in OECD)
. foreach v in "pit" "cit" "prl" "imo" "wea" "est" "otp" "gog" "goo" "oth"  {
  2.         *define as % of macro totals 
.         qui egen tax_`v'_oecd_gdp = rowtotal(`oecd_rowt_`v'') 
  3.         qui replace tax_`v'_oecd_gdp = tax_`v'_oecd_gdp / 100
  4.         qui label var tax_`v'_oecd_gdp "${labtax_`v'}, % of GDP (OECD)"
  5.         qui gen tax_`v'_oecd_gni = tax_`v'_oecd_gdp * gdp_to_gni
  6.         qui label var tax_`v'_oecd_gni "${labtax_`v'}, % of GNI (OECD)"
  7. }

. 
. //loop over broader variables comparing un and oecd
. foreach v in "tot" "pit_tot" "pit_corp" "pit_hh" "ssc" "indg" {
  2.         
.         *define as % of macro totals (oecd & un)
.         qui egen tax_`v'_un = rowtotal(`un_rowt_`v'') 
  3.         qui label var tax_`v'_un "${lab_`v'}, (Current LCU)"
  4.         qui gen tax_`v'_un_gdp = tax_`v'_un / TOT_B1g_R
  5.         qui label var tax_`v'_un_gdp "${lab_`v'}, % of GDP (UN-Data)"
  6.         qui egen tax_`v'_oecd_gdp = rowtotal(`oecd_rowt_`v'') 
  7.         qui replace tax_`v'_oecd_gdp = tax_`v'_oecd_gdp / 100
  8.         qui label var tax_`v'_oecd_gdp "${lab_`v'}, % of GDP (OECD)"
  9.         qui gen tax_`v'_oecd_gni = tax_`v'_oecd_gdp * gdp_to_gni
 10.         qui label var tax_`v'_oecd_gni "${lab_`v'}, % of GNI (OECD)"
 11. 
.         *graph comparison 
.         graph twoway ///
>                 (line tax_`v'_un_gdp year ///
>                 if tax_`v'_un_gdp != 0, lcolor(black)) ///
>                 (line tax_`v'_oecd_gdp year ///
>                 if tax_`v'_oecd_gdp != 0, lcolor(red)) ///
>                 , by(country_long) ylab(, ${lab_opts}) xlab(, ${lab_opts}) //
> /
>                 legend(order(1 "UN" 2 "OECD")) xtit("") ///
>                 ytit("${lab_`v'}, % of GDP") $graph_scheme 
 12.         //save
.         qui graph export "output/figures/total-taxes/`v'.pdf", replace
 13. }

. 
. *also the ratio 
. qui gen ratio_tax_tot = tax_tot_un_gdp / tax_tot_oecd_gdp

. 
. //save dataset
. qui save "intermediary_data/national_accounts/UNDATA-WID-OECD-Merged.dta", re
> place

. 
. 
. 
. 
. 
. 
. 
. 
.         
. 
end of do-file

. local dina_task_rc = _rc

. capture log close _all

. exit `dina_task_rc'

end of do-file
