
  ___  ____  ____  ____  ____ (R)
 /__    /   ____/   /   ____/
___/   /   /___/   /   /___/   16.1   Copyright 1985-2019 StataCorp LLC
  Statistics/Data Analysis            StataCorp
                                      4905 Lakeway Drive
     MP - Parallel Edition            College Station, Texas 77845 USA
                                      800-STATA-PC        http://www.stata.com
                                      979-696-4600        stata@stata.com
                                      979-696-4601 (fax)

60-user 4-core Stata network perpetual license:
       Serial number:  501606216487
         Licensed to:  Ignacio Flores
                       insead

Notes:
      1.  Stata is running in batch mode.
      2.  Unicode is supported; see help unicode_advice.
      3.  More than 2 billion observations are allowed; see help obs_advice.
      4.  Maximum number of variables is set to 5000; see help set_maxvar.

. do /Users/iflores/Documents/GitHub/dina-latam/output/run_logs/20261008-070347
> /01e-clean-survey-data.wrapper.do 

. capture log close _all

. log using "/Users/iflores/Documents/GitHub/dina-latam/output/run_logs/2026100
> 8-070347/01e-clean-survey-data.stata.log", text replace
(note: file /Users/iflores/Documents/GitHub/dina-latam/output/run_logs/20261008
> -070347/01e-clean-survey-data.stata.log not found)
-------------------------------------------------------------------------------
      name:  <unnamed>
       log:  /Users/iflores/Documents/GitHub/dina-latam/output/run_logs/2026100
> 8-070347/01e-clean-survey-data.stata.log
  log type:  text
 opened on:   8 Oct 2026, 07:03:47

. capture noisily do "/Users/iflores/Documents/GitHub/dina-latam/code/Stata/01e
> -clean-survey-data.do"

. /*===========================================================================
> ==*
> Goal: Clean and prepare country surveys
> The do file's goal is to create the main income variables that are going
> to be used in the entire project (PART I-III). In PART IV, it creates differe
> nt 
> alternatives of proxies of capital ownership, in order to impute undistribute
> d 
> profits at a later stage.
> *============================================================================
> =*/
. 
. //General--------------------------------------------------------------------
> ---
.  
. clear all

. global aux_part  ""preliminary"" 

. qui do "code/Stata/auxiliar/aux_general.do"  

. 
. *which surveys do I clean?
. local countries "$all_countries"

. 
. * DINA_SURVEY_REVIEW_INPUTS: _fep edad id_hogar id_pers sexo sys_pe yoemp_pe 
> yjub_pe gan_pe ycap_pe yotr_pe yaim_he yto_pe yto_he categ5_p paren_ee sector
> _ee ramar_ee tamest_ee li lp pobreza
. 
. // Create directory if it doesnt exist
.         local dirpath "intermediary_data/microdata/raw"

.         mata: st_numscalar("exists", direxists(st_local("dirpath")))

.         if (scalar(exists) == 0) {
.                 mkdir "`dirpath'"
.                 display "Created directory: `dirpath'"
.         }

.  
.  
. //loop over countries and years 
. foreach c in `countries' {  
  2.         
.         //manage pre/post tax prefixes 
.         local pf "pos"
  3.         local pre_lab "`pre_lab'"
  4.         
.         //exceptions 
.         if inlist("`c'", "BRA", "CRI"){
  5.                 local pf "pre"
  6.                 local pre_lab "pretax"
  7.         } 
  8.         
.         forvalues  y = $first_y / $last_y {
  9. 
.                 //open file 
.                 qui clear
 10.                 qui cap use "input_data/surveys_CEPAL/`c'/`c'_`y'N.dta", c
> lear
 11.                 
.                 *Only run when data exists
.                 qui cap assert _N == 0
 12.                 if _rc != 0 {
 13.                 
.                         //report activity in log 
.                         di as text "01e - part 1: Cleaning survey in " _conti
> nue 
 14.                         di as result "`c' - `y' " _continue 
 15.                         di as text "at $S_TIME"
 16. 
.                         *----------------------------------------------------
> ---------------
.                         *PART 0: preliminary
.                         *----------------------------------------------------
> ---------------
. 
.                         //
.                         cap qui replace _fep = round(_fep) 
 17.                         * Calculating household size
.                         qui gen mem = 1
 18.                         qui egen hh_size = sum(mem), by(id_hogar)
 19.                         *tag adults / number of adults in the household
.                         qui gen  adults = 0
 20.                         qui replace adults = 1 if edad > 19
 21.                         qui egen adults_house = sum(adults), by(id_hogar) 
> // nº of adults
 22.                         *Social benefits (other than pensions)
.                         *qui gen y_sbe  = yoemp4
. 
.                         *----------------------------------------------------
> ---------------
.                         *PART I: create income variables
.                         *----------------------------------------------------
> ---------------
.                 
.                         *put 0 where null 
.                         mvencode sys_pe yoemp_pe yjub_pe gan_pe ycap_pe yotr_
> pe ///
>                                 yaim_he yto_pe yto_he, mv(0) override 
 23. 
.                         * Ia: income variables 
.                         qui gen `pf'_wag_svy = sys_pe + yoemp_pe        
 24.                         qui gen `pf'_pen_svy = yjub_pe // + yoemp4
 25.                         qui gen `pf'_mix_svy = gan_pe
 26.                         qui gen `pf'_bus_svy  = gan_pe if categ5_p==1 
 27.                         qui replace `pf'_bus_svy = 0 if `pf'_bus_svy==.
 28.                         qui gen `pf'_cap_svy = ycap_pe
 29.                         qui gen `pf'_oth_svy = yotr_pe
 30.                         qui gen `pf'_ben_svy = `pf'_pen_svy + `pf'_oth_svy
 31.                         qui gen `pf'_imp_svy = yaim_he / adults_house
 32.                         qui replace `pf'_imp_svy = 0 if edad < 20
 33.                         qui gen `pf'_kap_svy = `pf'_cap_svy + `pf'_imp_svy
 34.                         qui gen `pf'_mir_svy = `pf'_mix_svy + `pf'_imp_svy
 35.                         qui gen `pf'_tot_svy =  `pf'_wag_svy + `pf'_pen_sv
> y + ///
>                                 `pf'_mix_svy + `pf'_cap_svy + `pf'_oth_svy 
 36.                         qui gen `pf'_totnb_svy  = `pf'_tot_svy - `pf'_bus_
> svy
 37.                         
.                         if "`c'" == "BRA" {
 38.                                 qui gen `pf'_otn_svy = yotn_pe
 39.                                 qui replace `pf'_tot_svy = `pf'_tot_svy + 
> `pf'_otn_svy
 40.                         }
 41.                         
.                         * Ib: formal wages
.                         
.                         //define cases without formality info 
.                         if      ("`c'" == "BRA" & `y' == 1990) ///
>                                 | ("`c'" == "ARG" & inrange(`y', 2000, 2002))
>  ///
>                                 | ("`c'" == "BOL" & inrange(`y', 2014, 2015))
>  ///
>                                 | ("`c'" == "SLV" & inrange(`y', 2000, 2001))
>  ///
>                                 | ("`c'" == "CRI" & inrange(`y', 2000, 2001))
>  ///
>                                 | ("`c'" == "URY" & `y' == 2000) ///
>                                 /*| ("`c'" == "MEX" & `y' == 2000)*/ {
 42.                                 qui cap gen formal = 0
 43.                         }
 44.                         
.                         //define formality 
.                         else {
 45.                                 qui cap gen formal = 0
 46.                                 qui cap replace formal = 1 ///
>                                         if (cotiza_ee==1 | afilia_ee==1) & `p
> f'_wag_svy > 0
 47.                         }
 48.                         
.                         //formal wages and formal private sector 
.                         qui gen `pf'_fwag_svy = 0
 49.                         qui gen `pf'_prfwag_svy = 0 
 50.                         qui gen `pf'_prwag_svy = 0 
 51.                         qui replace `pf'_fwag_svy = `pf'_wag_svy if formal
>  == 1
 52.                         qui replace `pf'_prwag_svy = `pf'_wag_svy if secto
> r_ee == 2
 53.                         qui replace `pf'_prfwag_svy = `pf'_fwag_svy if sec
> tor_ee==2
 54.                         
.                         *Ic: income labels
.                         local endlab "(survey) - `pre_lab'"
 55.                         qui la var `pf'_wag_svy "Wages"
 56.                         qui la var `pf'_fwag_svy "Formal wages `endlab'"
 57.                         qui la var `pf'_prwag_svy "Wages from private sect
> or `endlab'"
 58.                         qui la var `pf'_prfwag_svy "Private sector formal 
> wages `endlab'"
 59.                         qui la var `pf'_pen_svy "Pensions `endlab'"
 60.                         qui la var `pf'_mix_svy "Mixed income `endlab'"
 61.                         qui la var `pf'_cap_svy "Capital income `endlab'"
 62.                         qui la var `pf'_oth_svy "Other transfer incomes th
> an pensions `endlab'"
 63.                         qui la var `pf'_ben_svy "Total Social benefits `en
> dlab'"
 64.                         qui la var `pf'_imp_svy "Imputed rents `endlab'"
 65.                         qui la var `pf'_kap_svy "All capital & mixed incom
> e `endlab'"
 66.                         qui la var `pf'_mir_svy "Mixed income plus imputed
>  rents `endlab'"
 67.                         qui la var `pf'_tot_svy "Total income `endlab'"
 68.                         qui la var `pf'_totnb_svy "Total non-business inco
> me `endlab'"
 69.                         
.                         *check for extreme values 
.                         if "`c'" == "ARG" local extreme = 500 
 70.                         if "`c'" != "ARG" local extreme = 1000
 71.                         
.                         qui sum `pf'_tot_svy [w=_fep], meanonly 
 72.                         local ai = r(mean) 
 73.                         qui gen excluder = `pf'_tot_svy / `ai'
 74.                         qui count if excluder >= `extreme'
 75.                         local ctr = r(N)
 76.                         
.                         /*
>                         di "average income: `ai'" 
>                         sum excluder, d
>                         qui sum _fep, meanonly 
>                         local aw = r(mean) 
>                         qui gen excluder2 = _fep / `aw' 
>                         di "average weight: `aw'"
>                         sum excluder2, d
>                         exit 1
>                         */
.                         if `ctr' > 0 {
 77.                                 di as text "extreme values: " _continue
 78.                                 di as result `ctr'
 79.                                 list id* edad categ5_p excluder if exclude
> r >= `extreme'
 80.                                 qui drop if excluder >= `extreme'       
 81.                         }
 82.                         cap drop excluder 
 83.                 }
 84.                 
.                 // Create directory if it doesnt exist 
.                 local dirpath "intermediary_data/microdata/raw/`c'"
 85.                 mata: st_numscalar("exists", direxists(st_local("dirpath")
> ))
 86.                 if (scalar(exists) == 0) {
 87.                         mkdir "`dirpath'"
 88.                         display "Created directory: `dirpath'"
 89.                 }
 90.                 
.                 // Save microdata 
.                 qui cap assert _N == 0
 91.                 if _rc != 0 {           
 92.                         qui save ///
>                                 "intermediary_data/microdata/raw/`c'/`c'_`y'_
> raw.dta", replace
 93.                 }       
 94.         }
 95. }
01e - part 1: Cleaning survey in COL - 2002 at 07:03:47
01e - part 1: Cleaning survey in COL - 2003 at 07:03:48
01e - part 1: Cleaning survey in COL - 2004 at 07:03:49
01e - part 1: Cleaning survey in COL - 2005 at 07:03:50
01e - part 1: Cleaning survey in COL - 2008 at 07:03:51
01e - part 1: Cleaning survey in COL - 2009 at 07:03:53
01e - part 1: Cleaning survey in COL - 2010 at 07:03:54
01e - part 1: Cleaning survey in COL - 2011 at 07:03:56
01e - part 1: Cleaning survey in COL - 2012 at 07:03:57
01e - part 1: Cleaning survey in COL - 2013 at 07:03:59
01e - part 1: Cleaning survey in COL - 2014 at 07:04:00
01e - part 1: Cleaning survey in COL - 2015 at 07:04:01
01e - part 1: Cleaning survey in COL - 2016 at 07:04:03
01e - part 1: Cleaning survey in COL - 2017 at 07:04:04
01e - part 1: Cleaning survey in COL - 2018 at 07:04:06
01e - part 1: Cleaning survey in COL - 2019 at 07:04:07
01e - part 1: Cleaning survey in COL - 2020 at 07:04:08
01e - part 1: Cleaning survey in COL - 2021 at 07:04:10
01e - part 1: Cleaning survey in COL - 2022 at 07:04:11
01e - part 1: Cleaning survey in COL - 2023 at 07:04:13
01e - part 1: Cleaning survey in COL - 2024 at 07:04:14
01e - part 1: Cleaning survey in ARG - 2000 at 07:04:15
01e - part 1: Cleaning survey in ARG - 2001 at 07:04:16
01e - part 1: Cleaning survey in ARG - 2002 at 07:04:16
01e - part 1: Cleaning survey in ARG - 2003 at 07:04:16
extreme values: 1

       +-------------------------------------------------------------------+
78652. |       id_hogar        |       id_pers        |        edad        |
       |          22381        |             1        |          38        |
       |-------------------------------------------------------------------|
       |                                               categ5_p | excluder |
       | Asalariados (puede incluir o no el servicio doméstico) | 643.4277 |
       +-------------------------------------------------------------------+
01e - part 1: Cleaning survey in ARG - 2004 at 07:04:16
01e - part 1: Cleaning survey in ARG - 2005 at 07:04:16
01e - part 1: Cleaning survey in ARG - 2006 at 07:04:16
extreme values: 1

        +--------------------------------------------------+
        | id_hogar   id_pers   edad    categ5_p   excluder |
        |--------------------------------------------------|
 92318. |    26765         1     47   Empleador    852.417 |
        +--------------------------------------------------+
01e - part 1: Cleaning survey in ARG - 2007 at 07:04:17
01e - part 1: Cleaning survey in ARG - 2008 at 07:04:17
01e - part 1: Cleaning survey in ARG - 2009 at 07:04:17
01e - part 1: Cleaning survey in ARG - 2010 at 07:04:17
01e - part 1: Cleaning survey in ARG - 2011 at 07:04:17
01e - part 1: Cleaning survey in ARG - 2012 at 07:04:18
01e - part 1: Cleaning survey in ARG - 2013 at 07:04:18
01e - part 1: Cleaning survey in ARG - 2014 at 07:04:18
01e - part 1: Cleaning survey in ARG - 2016 at 07:04:18
01e - part 1: Cleaning survey in ARG - 2017 at 07:04:18
01e - part 1: Cleaning survey in ARG - 2018 at 07:04:19
01e - part 1: Cleaning survey in ARG - 2019 at 07:04:19
01e - part 1: Cleaning survey in ARG - 2020 at 07:04:19
01e - part 1: Cleaning survey in ARG - 2021 at 07:04:19
01e - part 1: Cleaning survey in ARG - 2022 at 07:04:20
01e - part 1: Cleaning survey in ARG - 2023 at 07:04:20
01e - part 1: Cleaning survey in ARG - 2024 at 07:04:20
01e - part 1: Cleaning survey in PER - 2000 at 07:04:20
01e - part 1: Cleaning survey in PER - 2001 at 07:04:20
01e - part 1: Cleaning survey in PER - 2002 at 07:04:20
01e - part 1: Cleaning survey in PER - 2003 at 07:04:20
01e - part 1: Cleaning survey in PER - 2004 at 07:04:21
01e - part 1: Cleaning survey in PER - 2005 at 07:04:21
01e - part 1: Cleaning survey in PER - 2006 at 07:04:21
01e - part 1: Cleaning survey in PER - 2007 at 07:04:21
01e - part 1: Cleaning survey in PER - 2008 at 07:04:21
01e - part 1: Cleaning survey in PER - 2009 at 07:04:21
01e - part 1: Cleaning survey in PER - 2010 at 07:04:22
01e - part 1: Cleaning survey in PER - 2011 at 07:04:22
01e - part 1: Cleaning survey in PER - 2012 at 07:04:22
01e - part 1: Cleaning survey in PER - 2013 at 07:04:22
01e - part 1: Cleaning survey in PER - 2014 at 07:04:22
01e - part 1: Cleaning survey in PER - 2015 at 07:04:23
01e - part 1: Cleaning survey in PER - 2016 at 07:04:23
01e - part 1: Cleaning survey in PER - 2017 at 07:04:23
01e - part 1: Cleaning survey in PER - 2018 at 07:04:23
01e - part 1: Cleaning survey in PER - 2019 at 07:04:24
01e - part 1: Cleaning survey in PER - 2020 at 07:04:24
01e - part 1: Cleaning survey in PER - 2021 at 07:04:24
01e - part 1: Cleaning survey in PER - 2022 at 07:04:25
01e - part 1: Cleaning survey in PER - 2023 at 07:04:25
01e - part 1: Cleaning survey in PER - 2024 at 07:04:25
01e - part 1: Cleaning survey in URY - 2000 at 07:04:25
01e - part 1: Cleaning survey in URY - 2001 at 07:04:25
     yotr_pe: 52954 missing values recoded
01e - part 1: Cleaning survey in URY - 2002 at 07:04:25
     yotr_pe: 54755 missing values recoded
01e - part 1: Cleaning survey in URY - 2003 at 07:04:26
     yotr_pe: 53854 missing values recoded
01e - part 1: Cleaning survey in URY - 2004 at 07:04:26
     yotr_pe: 53727 missing values recoded
01e - part 1: Cleaning survey in URY - 2005 at 07:04:26
     yotr_pe: 51404 missing values recoded
01e - part 1: Cleaning survey in URY - 2007 at 07:04:26
01e - part 1: Cleaning survey in URY - 2008 at 07:04:26
01e - part 1: Cleaning survey in URY - 2009 at 07:04:26
01e - part 1: Cleaning survey in URY - 2010 at 07:04:27
01e - part 1: Cleaning survey in URY - 2011 at 07:04:27
01e - part 1: Cleaning survey in URY - 2012 at 07:04:27
01e - part 1: Cleaning survey in URY - 2013 at 07:04:27
01e - part 1: Cleaning survey in URY - 2014 at 07:04:28
01e - part 1: Cleaning survey in URY - 2015 at 07:04:28
01e - part 1: Cleaning survey in URY - 2016 at 07:04:28
01e - part 1: Cleaning survey in URY - 2017 at 07:04:29
01e - part 1: Cleaning survey in URY - 2018 at 07:04:29
01e - part 1: Cleaning survey in URY - 2019 at 07:04:29
01e - part 1: Cleaning survey in URY - 2020 at 07:04:29
01e - part 1: Cleaning survey in URY - 2021 at 07:04:30
01e - part 1: Cleaning survey in URY - 2022 at 07:04:30
01e - part 1: Cleaning survey in URY - 2023 at 07:04:30
01e - part 1: Cleaning survey in URY - 2024 at 07:04:30
01e - part 1: Cleaning survey in CRI - 2000 at 07:04:30
01e - part 1: Cleaning survey in CRI - 2001 at 07:04:30
01e - part 1: Cleaning survey in CRI - 2002 at 07:04:30
01e - part 1: Cleaning survey in CRI - 2003 at 07:04:30
01e - part 1: Cleaning survey in CRI - 2004 at 07:04:30
01e - part 1: Cleaning survey in CRI - 2005 at 07:04:30
01e - part 1: Cleaning survey in CRI - 2006 at 07:04:30
01e - part 1: Cleaning survey in CRI - 2007 at 07:04:31
01e - part 1: Cleaning survey in CRI - 2008 at 07:04:31
01e - part 1: Cleaning survey in CRI - 2009 at 07:04:31
01e - part 1: Cleaning survey in CRI - 2010 at 07:04:31
01e - part 1: Cleaning survey in CRI - 2011 at 07:04:31
01e - part 1: Cleaning survey in CRI - 2012 at 07:04:31
01e - part 1: Cleaning survey in CRI - 2013 at 07:04:31
01e - part 1: Cleaning survey in CRI - 2014 at 07:04:31
01e - part 1: Cleaning survey in CRI - 2015 at 07:04:31
01e - part 1: Cleaning survey in CRI - 2016 at 07:04:31
01e - part 1: Cleaning survey in CRI - 2017 at 07:04:31
01e - part 1: Cleaning survey in CRI - 2018 at 07:04:31
01e - part 1: Cleaning survey in CRI - 2019 at 07:04:31
01e - part 1: Cleaning survey in CRI - 2020 at 07:04:32
01e - part 1: Cleaning survey in CRI - 2021 at 07:04:32
01e - part 1: Cleaning survey in CRI - 2022 at 07:04:32
01e - part 1: Cleaning survey in CRI - 2023 at 07:04:32
01e - part 1: Cleaning survey in CRI - 2024 at 07:04:32
01e - part 1: Cleaning survey in ECU - 2001 at 07:04:32
01e - part 1: Cleaning survey in ECU - 2003 at 07:04:32
extreme values: 4

       +-------------------------------------------------------------------+
34182. |       id_hogar        |       id_pers        |        edad        |
       |           7992        |             3        |          31        |
       |-------------------------------------------------------------------|
       |                                               categ5_p | excluder |
       |                                                     NA | 2007.023 |
       +-------------------------------------------------------------------+

       +-------------------------------------------------------------------+
38732. |       id_hogar        |       id_pers        |        edad        |
       |           9165        |             1        |          66        |
       |-------------------------------------------------------------------|
       |                                               categ5_p | excluder |
       |                                                     NA | 2006.978 |
       +-------------------------------------------------------------------+

       +-------------------------------------------------------------------+
38947. |       id_hogar        |       id_pers        |        edad        |
       |           9217        |             1        |          39        |
       |-------------------------------------------------------------------|
       |                                               categ5_p | excluder |
       | Asalariados (puede incluir o no el servicio doméstico) | 1362.135 |
       +-------------------------------------------------------------------+

       +-------------------------------------------------------------------+
57148. |       id_hogar        |       id_pers        |        edad        |
       |          13524        |             1        |          33        |
       |-------------------------------------------------------------------|
       |                                               categ5_p | excluder |
       | Asalariados (puede incluir o no el servicio doméstico) | 2712.873 |
       +-------------------------------------------------------------------+
01e - part 1: Cleaning survey in ECU - 2005 at 07:04:32
01e - part 1: Cleaning survey in ECU - 2006 at 07:04:32
extreme values: 2

       +--------------------------------------------------+
       | id_hogar   id_pers   edad    categ5_p   excluder |
       |--------------------------------------------------|
12447. |     3152         1     34   Empleador   2349.346 |
62495. |    15076         1     68   Empleador   2221.137 |
       +--------------------------------------------------+
01e - part 1: Cleaning survey in ECU - 2007 at 07:04:32
01e - part 1: Cleaning survey in ECU - 2008 at 07:04:33
01e - part 1: Cleaning survey in ECU - 2009 at 07:04:33
01e - part 1: Cleaning survey in ECU - 2010 at 07:04:33
01e - part 1: Cleaning survey in ECU - 2011 at 07:04:33
01e - part 1: Cleaning survey in ECU - 2012 at 07:04:33
01e - part 1: Cleaning survey in ECU - 2013 at 07:04:33
01e - part 1: Cleaning survey in ECU - 2014 at 07:04:34
01e - part 1: Cleaning survey in ECU - 2015 at 07:04:34
01e - part 1: Cleaning survey in ECU - 2016 at 07:04:34
01e - part 1: Cleaning survey in ECU - 2017 at 07:04:34
01e - part 1: Cleaning survey in ECU - 2018 at 07:04:34
01e - part 1: Cleaning survey in ECU - 2019 at 07:04:35
01e - part 1: Cleaning survey in ECU - 2020 at 07:04:35
01e - part 1: Cleaning survey in ECU - 2021 at 07:04:35
01e - part 1: Cleaning survey in ECU - 2022 at 07:04:35
     yjub_pe: 1 missing value recoded
      yto_pe: 1 missing value recoded
01e - part 1: Cleaning survey in ECU - 2023 at 07:04:36
01e - part 1: Cleaning survey in ECU - 2024 at 07:04:37
01e - part 1: Cleaning survey in CHL - 2000 at 07:04:38
01e - part 1: Cleaning survey in CHL - 2003 at 07:04:38
01e - part 1: Cleaning survey in CHL - 2006 at 07:04:39
      gan_pe: 3 missing values recoded
01e - part 1: Cleaning survey in CHL - 2009 at 07:04:39
01e - part 1: Cleaning survey in CHL - 2011 at 07:04:40
01e - part 1: Cleaning survey in CHL - 2013 at 07:04:40
01e - part 1: Cleaning survey in CHL - 2015 at 07:04:40
01e - part 1: Cleaning survey in CHL - 2017 at 07:04:41
01e - part 1: Cleaning survey in CHL - 2020 at 07:04:41
01e - part 1: Cleaning survey in CHL - 2022 at 07:04:42
01e - part 1: Cleaning survey in CHL - 2024 at 07:04:42
01e - part 1: Cleaning survey in BRA - 2001 at 07:04:43
01e - part 1: Cleaning survey in BRA - 2002 at 07:04:43
01e - part 1: Cleaning survey in BRA - 2003 at 07:04:44
01e - part 1: Cleaning survey in BRA - 2004 at 07:04:45
01e - part 1: Cleaning survey in BRA - 2005 at 07:04:46
01e - part 1: Cleaning survey in BRA - 2006 at 07:04:47
01e - part 1: Cleaning survey in BRA - 2007 at 07:04:47
01e - part 1: Cleaning survey in BRA - 2008 at 07:04:48
01e - part 1: Cleaning survey in BRA - 2009 at 07:04:49
01e - part 1: Cleaning survey in BRA - 2011 at 07:04:50
01e - part 1: Cleaning survey in BRA - 2012 at 07:04:51
01e - part 1: Cleaning survey in BRA - 2013 at 07:04:51
01e - part 1: Cleaning survey in BRA - 2014 at 07:04:52
01e - part 1: Cleaning survey in BRA - 2015 at 07:04:53
01e - part 1: Cleaning survey in BRA - 2016 at 07:04:54
01e - part 1: Cleaning survey in BRA - 2017 at 07:04:55
01e - part 1: Cleaning survey in BRA - 2018 at 07:04:56
01e - part 1: Cleaning survey in BRA - 2019 at 07:04:56
01e - part 1: Cleaning survey in BRA - 2020 at 07:04:57
01e - part 1: Cleaning survey in BRA - 2021 at 07:04:58
     yaim_he: 5 missing values recoded
      yto_he: 5 missing values recoded
01e - part 1: Cleaning survey in BRA - 2022 at 07:04:59
01e - part 1: Cleaning survey in BRA - 2023 at 07:05:00
01e - part 1: Cleaning survey in BRA - 2024 at 07:05:00
01e - part 1: Cleaning survey in SLV - 2000 at 07:05:01
01e - part 1: Cleaning survey in SLV - 2001 at 07:05:01
01e - part 1: Cleaning survey in SLV - 2002 at 07:05:01
01e - part 1: Cleaning survey in SLV - 2003 at 07:05:01
01e - part 1: Cleaning survey in SLV - 2004 at 07:05:02
01e - part 1: Cleaning survey in SLV - 2005 at 07:05:02
01e - part 1: Cleaning survey in SLV - 2006 at 07:05:02
01e - part 1: Cleaning survey in SLV - 2007 at 07:05:02
01e - part 1: Cleaning survey in SLV - 2009 at 07:05:02
01e - part 1: Cleaning survey in SLV - 2010 at 07:05:02
01e - part 1: Cleaning survey in SLV - 2012 at 07:05:02
01e - part 1: Cleaning survey in SLV - 2013 at 07:05:03
extreme values: 1

       +--------------------------------------------------+
       | id_hogar   id_pers   edad    categ5_p   excluder |
       |--------------------------------------------------|
 5322. |     1441         1     65   Empleador   1519.968 |
       +--------------------------------------------------+
01e - part 1: Cleaning survey in SLV - 2014 at 07:05:03
01e - part 1: Cleaning survey in SLV - 2015 at 07:05:03
01e - part 1: Cleaning survey in SLV - 2016 at 07:05:03
01e - part 1: Cleaning survey in SLV - 2017 at 07:05:03
01e - part 1: Cleaning survey in SLV - 2018 at 07:05:03
01e - part 1: Cleaning survey in SLV - 2019 at 07:05:03
01e - part 1: Cleaning survey in SLV - 2020 at 07:05:04
01e - part 1: Cleaning survey in SLV - 2021 at 07:05:04
01e - part 1: Cleaning survey in SLV - 2022 at 07:05:04
01e - part 1: Cleaning survey in SLV - 2023 at 07:05:04
     yjub_pe: 1 missing value recoded
      yto_pe: 1 missing value recoded
01e - part 1: Cleaning survey in SLV - 2024 at 07:05:04
01e - part 1: Cleaning survey in MEX - 2000 at 07:05:04
01e - part 1: Cleaning survey in MEX - 2002 at 07:05:04
01e - part 1: Cleaning survey in MEX - 2004 at 07:05:04
01e - part 1: Cleaning survey in MEX - 2006 at 07:05:05
01e - part 1: Cleaning survey in MEX - 2008 at 07:05:05
01e - part 1: Cleaning survey in MEX - 2010 at 07:05:05
01e - part 1: Cleaning survey in MEX - 2012 at 07:05:06
01e - part 1: Cleaning survey in MEX - 2014 at 07:05:06
extreme values: 1

        +---------------------------------------------------+
        |  id_hogar   id_pers   edad    categ5_p   excluder |
        |---------------------------------------------------|
140675. | 2.108e+10         1     74   Empleador   1126.342 |
        +---------------------------------------------------+
01e - part 1: Cleaning survey in MEX - 2016 at 07:05:07
extreme values: 2

        +-------------------------------------------------------+
        |  id_hogar   id_pers   edad        categ5_p   excluder |
        |-------------------------------------------------------|
 91306. | 1.106e+10         1     63       Empleador   1521.973 |
154401. | 1.908e+10         1     65   Cuenta propia   3193.303 |
        +-------------------------------------------------------+
01e - part 1: Cleaning survey in MEX - 2018 at 07:05:07
01e - part 1: Cleaning survey in MEX - 2020 at 07:05:08
01e - part 1: Cleaning survey in MEX - 2022 at 07:05:08
01e - part 1: Cleaning survey in MEX - 2024 at 07:05:09
01e - part 1: Cleaning survey in DOM - 2000 at 07:05:10
01e - part 1: Cleaning survey in DOM - 2001 at 07:05:10
01e - part 1: Cleaning survey in DOM - 2002 at 07:05:10
01e - part 1: Cleaning survey in DOM - 2003 at 07:05:10
01e - part 1: Cleaning survey in DOM - 2004 at 07:05:10
01e - part 1: Cleaning survey in DOM - 2005 at 07:05:10
01e - part 1: Cleaning survey in DOM - 2006 at 07:05:10
01e - part 1: Cleaning survey in DOM - 2007 at 07:05:10
01e - part 1: Cleaning survey in DOM - 2008 at 07:05:10
01e - part 1: Cleaning survey in DOM - 2009 at 07:05:10
01e - part 1: Cleaning survey in DOM - 2010 at 07:05:10
01e - part 1: Cleaning survey in DOM - 2011 at 07:05:10
01e - part 1: Cleaning survey in DOM - 2012 at 07:05:10
01e - part 1: Cleaning survey in DOM - 2013 at 07:05:10
01e - part 1: Cleaning survey in DOM - 2014 at 07:05:11
01e - part 1: Cleaning survey in DOM - 2015 at 07:05:11
01e - part 1: Cleaning survey in DOM - 2016 at 07:05:11
01e - part 1: Cleaning survey in DOM - 2017 at 07:05:11
01e - part 1: Cleaning survey in DOM - 2018 at 07:05:11
01e - part 1: Cleaning survey in DOM - 2019 at 07:05:11
01e - part 1: Cleaning survey in DOM - 2020 at 07:05:11
01e - part 1: Cleaning survey in DOM - 2021 at 07:05:11
01e - part 1: Cleaning survey in DOM - 2022 at 07:05:12
01e - part 1: Cleaning survey in DOM - 2023 at 07:05:12
01e - part 1: Cleaning survey in DOM - 2024 at 07:05:12

. 
. *------------------------------------------------------------------------
. *PART I.I Country adjustments
. *------------------------------------------------------------------------
.                         
. * Brazil
. qui do "code/Stata/BRA/svy_adj_BRA.do"

.                         
. *-----------------------------------------------------------------------
. *PART II: Equal-split incomes and annualization
. *-----------------------------------------------------------------------
. 
. foreach c in `countries' {  
  2.         
.         //manage pre/post tax prefixes 
.         local pf "pos"
  3.         local pre_lab "`pre_lab'"
  4.         
.         //exceptions 
.         if inlist("`c'", "BRA", "CRI"){
  5.                 local pf "pre"
  6.                 local pre_lab "pretax"
  7.         } 
  8.         
.         forvalues  y = $first_y / $last_y {
  9. 
.                 //open file 
.                 qui clear
 10.                 qui cap use "intermediary_data/microdata/raw/`c'/`c'_`y'_r
> aw.dta", clear
 11.                 
.                 *Only run when data exists
.                 qui cap assert _N == 0
 12.                 if _rc != 0 {
 13.                 
.                         //report activity in log 
.                         di as text "01e - part 2: Equal-splitting in " _conti
> nue 
 14.                         di as result "`c' - `y' " _continue 
 15.                         di as text "at $S_TIME"
 16.                         
.                         * make sure variables do not exist already 
.                         foreach v in "totesb" "totesn" {
 17.                                 cap drop `pf'_`v'_svy
 18.                         }
 19.                         
.                         * Equal-split incomes
.                         // narrow = among married couples, 
.                         // broad = among all adult persons in household
.                         qui gen spouse = (paren_ee <= 2)
 20.                         cap drop married 
 21.                         qui egen married = sum(spouse) if paren_ee <= 2, b
> y(id_hogar)
 22.                         qui egen double `pf'_totesn_svy = sum(`pf'_tot_svy
> /married) ///
>                                 if married<=2, by(id_hogar)
 23.                         qui replace `pf'_totesn_svy = `pf'_tot_svy if marr
> ied == .
 24.                         qui la var `pf'_totesn_svy ///
>                                 "Total equal-split (narrow) income `endlab'"
 25.                         qui egen `pf'_totesb_svy = ///
>                                 sum(`pf'_tot_svy / adults_house), by(id_hogar
> )
 26.                         qui la var `pf'_totesb_svy ///
>                                 "Total equal-split (broad) income `endlab'"
 27.                         
.                         //Get annualization factors for Argentina
.                         preserve 
 28.                                 qui import excel "input_data/prices_CEPAL/
> cpi_arg.xlsx", ///
>                                         sheet("datos") firstrow clear   
 29.                                 qui rename (Años__ESTANDAR Meses País__EST
> ANDAR) ///
>                                         (year month country) 
 30.                                 qui keep year month country value
 31.                                 qui destring year, replace 
 32.                                 qui gen m = 1 if month == "Enero"
 33.                                 qui replace m = 2 if month == "Febrero"
 34.                                 qui replace m = 3 if month == "Marzo"
 35.                                 qui replace m = 4 if month == "Abril"
 36.                                 qui replace m = 5 if month == "Mayo"
 37.                                 qui replace m = 6 if month == "Junio"
 38.                                 qui replace m = 7 if month == "Julio"
 39.                                 qui replace m = 8 if month == "Agosto"
 40.                                 qui replace m = 9 if month == "Septiembre"
 41.                                 qui replace m = 10 if month == "Octubre"
 42.                                 qui replace m = 11 if month == "Noviembre"
 43.                                 qui replace m = 12 if month == "Diciembre"
 44.                                 
.                                 *compute monthly factor 
.                                 qui gen f_m = value if m == 11 
 45.                                 bysort year: ereplace f_m = mean(f_m)
 46.                                 qui replace f_m = value / f_m 
 47.                                 
.                                 *compute annual factor 
.                                 qui collapse (sum) factor = f_m, by(country y
> ear)
 48.                         
.                                 *qui destring factor, replace   
.                                 qui sum factor if country == "Argentina" & ye
> ar == `y'
 49.                                 local f_ARG_`y' = r(mean)       
 50.                         restore 
 51.                                 
.                         //Annualize income variables    
.                         foreach var in ///
>                                 "wag" "fwag" "prwag" "prfwag" "pen" "mix" "ca
> p" "oth" ///
>                                 "ben" "imp" "kap" "mir" "tot" "totnb" "totesn
> " "totesb" {
 52.                                 if ("`c'" == "ARG" & `y' >= 2000) {
 53.                                         qui gen ind_`pf'_`var' = `pf'_`var
> '_svy * `f_ARG_`y''
 54.                                 } 
 55.                                 else {
 56.                                         cap drop ind_`pf'_`var' 
 57.                                         qui gen ind_`pf'_`var' = `pf'_`var
> '_svy * 12
 58.                                 }
 59.                         }
 60.                         
.                         //label income variables 
.                         local endlab "(survey) - annual `pre_lab'"
 61.                         qui la var ind_`pf'_wag "Wages `endlab2'"
 62.                         qui la var ind_`pf'_fwag "Formal wages `endlab2'"
 63.                         qui la var ind_`pf'_prwag "Private sector wages `e
> ndlab2'"
 64.                         qui la var ind_`pf'_prfwag "Private sect. formal w
> ages `endlab2'"
 65.                         qui la var ind_`pf'_pen "Pensions `endlab2'"
 66.                         qui la var ind_`pf'_mix "Mixed income `endlab2'"
 67.                         qui la var ind_`pf'_cap "Capital income `endlab2'"
 68.                         qui la var ind_`pf'_oth "Other transfers than pens
> ions `endlab2'"
 69.                         qui la var ind_`pf'_ben "Total Social benefits `en
> dlab2'"
 70.                         qui la var ind_`pf'_imp "Imputed rents `endlab2'"
 71.                         qui la var ind_`pf'_kap "Capital inc., w/ imputed 
> rents `endlab2'"
 72.                         qui la var ind_`pf'_mir "Mixed income & imputed re
> nts `endlab2'"
 73.                         qui la var ind_`pf'_tot "Total income `endlab2'"
 74.                         qui la var ind_`pf'_totnb "Total non-business inco
> me `endlab2'"
 75.                         qui la var ind_`pf'_totesn ///
>                                 "Total equal-split (narrow) inc. `endlab2'"
 76.                         qui la var ind_`pf'_totesb ///
>                                 "Total equal-split (broad) inc. `endlab2'"
 77.                         
.                         *Variables for comparison (CEPAL tot inc & WB/CEDLAS 
> series)
.                         cap drop percap_inc_cep
 78.                         cap confirm variable yto_he
 79.                         if _rc == 0 qui gen percap_inc_cep = (yto_he * 12)
>  / hh_size
 80.                         else {
 81.                                 qui gen percap_inc_cep =  (yto_pe * 12) / 
> hh_size  
 82.                                 else di as text "   * yto_he not found " _
> continue
 83.                                 di as text "using yto_pe instead"
 84.                         } 
 85.                         qui la var percap_inc_cep       "Per capita househ
> old income `pre_lab'"
 86.                         
.                         cap drop ind_`pf'_tot_imp
 87.                         qui gen ind_`pf'_tot_imp = ind_`pf'_tot + ind_`pf'
> _imp
 88.                         qui la var ind_`pf'_tot_imp "Total income w/ imp- 
> rents `endlab2'"
 89.                         
.                         *----------------------------------------------------
> ---------------
.                         *PART III: Impute missing incomes 
.                         *----------------------------------------------------
> ---------------
.                         
.                         *check if imputed rents is empty
.                         qui sum ind_`pf'_imp, meanonly 
 90.                         if "`macro_imp'" == "" {
 91.                                 *define reference income
.                                 local varli ""
 92.                                 foreach var in "wag" "pen" "cap" "mix" {
 93.                                         local varli "`varli' ind_`pf'_`var
> '"
 94.                                 }
 95.                                 tempvar aux1 
 96.                                 qui egen `aux1' = rowtotal(`varli')
 97.                                 *replace with 10% of it 
.                                 qui replace ind_`pf'_imp = 0.1 * `aux1'
 98.                         }
 99.                         
.                         *----------------------------------------------------
> ---------------
.                         *PART IV: Keep the necessary variables and save a dat
> a base:
.                         *----------------------------------------------------
> ---------------
. 
.                         *save important variables 
.                         if "`c'" == "BRA"  {
100.                                 qui keep condact3 sys_pe yjub_pe yoemp_pe 
> *_svy ind_* ///
>                                         _fep id_hogar id_pers paren_ee edad s
> exo adults_house ///
>                                         hh_size percap_inc_cep li lp pobreza 
> yto_pe ///
>                                         formal sector_ee categ5_p married ///
>                                         ramar_ee tamest_ee cotiza_ee //`pf'_s
> ys_13th `pf'_hol_svy  afilia_ee
101.                         }  
102.                         
.                         else if "`c'" == "DOM" & inrange(`y',2016,2020) {    
>                            
103.                                 qui keep yotrp_pe *_svy ind_* _fep id_hoga
> r id_pers ///
>                                         paren_ee married edad sexo adults_hou
> se ///
>                                         hh_size percap_inc_cep  li ///
>                                         lp pobreza yto_pe formal sector_ee ca
> teg5_p ///
>                                         ramar_ee tamest_ee
104.                         } 
105.                         
.                         else {                          
106.                                 qui keep *_svy ind_* _fep id_hogar id_pers
>  ///
>                                         paren_ee married edad sexo adults_hou
> se ///
>                                         hh_size percap_inc_cep  li ///
>                                         lp pobreza yto_pe formal sector_ee ca
> teg5_p ///
>                                         ramar_ee tamest_ee
107.                         } 
108.                 }
109.                 
.                 qui cap assert _N == 0
110.                 if _rc != 0 {
111.                         qui save ///
>                                 "intermediary_data/microdata/raw/`c'/`c'_`y'_
> raw.dta", replace
112.                                          
.                 }       
113.         }
114. }
01e - part 2: Equal-splitting in COL - 2002 at 07:05:36
(6 missing values generated)
(6 missing values generated)
(495 real changes made)
01e - part 2: Equal-splitting in COL - 2003 at 07:05:38
(6 missing values generated)
(6 missing values generated)
(495 real changes made)
01e - part 2: Equal-splitting in COL - 2004 at 07:05:39
(6 missing values generated)
(6 missing values generated)
(495 real changes made)
01e - part 2: Equal-splitting in COL - 2005 at 07:05:40
(6 missing values generated)
(6 missing values generated)
(495 real changes made)
01e - part 2: Equal-splitting in COL - 2008 at 07:05:42
(6 missing values generated)
(6 missing values generated)
(495 real changes made)
01e - part 2: Equal-splitting in COL - 2009 at 07:05:44
(6 missing values generated)
(6 missing values generated)
(495 real changes made)
01e - part 2: Equal-splitting in COL - 2010 at 07:05:46
(6 missing values generated)
(6 missing values generated)
(495 real changes made)
01e - part 2: Equal-splitting in COL - 2011 at 07:05:48
(6 missing values generated)
(6 missing values generated)
(495 real changes made)
01e - part 2: Equal-splitting in COL - 2012 at 07:05:50
(6 missing values generated)
(6 missing values generated)
(495 real changes made)
01e - part 2: Equal-splitting in COL - 2013 at 07:05:52
(6 missing values generated)
(6 missing values generated)
(495 real changes made)
01e - part 2: Equal-splitting in COL - 2014 at 07:05:53
(6 missing values generated)
(6 missing values generated)
(495 real changes made)
01e - part 2: Equal-splitting in COL - 2015 at 07:05:55
(6 missing values generated)
(6 missing values generated)
(495 real changes made)
01e - part 2: Equal-splitting in COL - 2016 at 07:05:57
(6 missing values generated)
(6 missing values generated)
(495 real changes made)
01e - part 2: Equal-splitting in COL - 2017 at 07:05:59
(6 missing values generated)
(6 missing values generated)
(495 real changes made)
01e - part 2: Equal-splitting in COL - 2018 at 07:06:01
(6 missing values generated)
(6 missing values generated)
(495 real changes made)
01e - part 2: Equal-splitting in COL - 2019 at 07:06:03
(6 missing values generated)
(6 missing values generated)
(495 real changes made)
01e - part 2: Equal-splitting in COL - 2020 at 07:06:04
(6 missing values generated)
(6 missing values generated)
(495 real changes made)
01e - part 2: Equal-splitting in COL - 2021 at 07:06:06
(6 missing values generated)
(6 missing values generated)
(495 real changes made)
01e - part 2: Equal-splitting in COL - 2022 at 07:06:08
(6 missing values generated)
(6 missing values generated)
(495 real changes made)
01e - part 2: Equal-splitting in COL - 2023 at 07:06:10
(6 missing values generated)
(6 missing values generated)
(495 real changes made)
01e - part 2: Equal-splitting in COL - 2024 at 07:06:12
(6 missing values generated)
(6 missing values generated)
(495 real changes made)
01e - part 2: Equal-splitting in ARG - 2000 at 07:06:14
(6 missing values generated)
(6 missing values generated)
(495 real changes made)
01e - part 2: Equal-splitting in ARG - 2001 at 07:06:14
(6 missing values generated)
(6 missing values generated)
(495 real changes made)
01e - part 2: Equal-splitting in ARG - 2002 at 07:06:14
(6 missing values generated)
(6 missing values generated)
(495 real changes made)
01e - part 2: Equal-splitting in ARG - 2003 at 07:06:14
(6 missing values generated)
(6 missing values generated)
(495 real changes made)
01e - part 2: Equal-splitting in ARG - 2004 at 07:06:15
(6 missing values generated)
(6 missing values generated)
(495 real changes made)
01e - part 2: Equal-splitting in ARG - 2005 at 07:06:15
(6 missing values generated)
(6 missing values generated)
(495 real changes made)
01e - part 2: Equal-splitting in ARG - 2006 at 07:06:15
(6 missing values generated)
(6 missing values generated)
(495 real changes made)
01e - part 2: Equal-splitting in ARG - 2007 at 07:06:16
(6 missing values generated)
(6 missing values generated)
(495 real changes made)
01e - part 2: Equal-splitting in ARG - 2008 at 07:06:16
(6 missing values generated)
(6 missing values generated)
(495 real changes made)
01e - part 2: Equal-splitting in ARG - 2009 at 07:06:16
(6 missing values generated)
(6 missing values generated)
(495 real changes made)
01e - part 2: Equal-splitting in ARG - 2010 at 07:06:16
(6 missing values generated)
(6 missing values generated)
(495 real changes made)
01e - part 2: Equal-splitting in ARG - 2011 at 07:06:17
(6 missing values generated)
(6 missing values generated)
(495 real changes made)
01e - part 2: Equal-splitting in ARG - 2012 at 07:06:17
(6 missing values generated)
(6 missing values generated)
(495 real changes made)
01e - part 2: Equal-splitting in ARG - 2013 at 07:06:17
(6 missing values generated)
(6 missing values generated)
(495 real changes made)
01e - part 2: Equal-splitting in ARG - 2014 at 07:06:18
(6 missing values generated)
(6 missing values generated)
(495 real changes made)
01e - part 2: Equal-splitting in ARG - 2016 at 07:06:18
(6 missing values generated)
(6 missing values generated)
(495 real changes made)
01e - part 2: Equal-splitting in ARG - 2017 at 07:06:18
(6 missing values generated)
(6 missing values generated)
(495 real changes made)
01e - part 2: Equal-splitting in ARG - 2018 at 07:06:19
(6 missing values generated)
(6 missing values generated)
(495 real changes made)
01e - part 2: Equal-splitting in ARG - 2019 at 07:06:19
(6 missing values generated)
(6 missing values generated)
(495 real changes made)
01e - part 2: Equal-splitting in ARG - 2020 at 07:06:19
(6 missing values generated)
(6 missing values generated)
(495 real changes made)
01e - part 2: Equal-splitting in ARG - 2021 at 07:06:20
(6 missing values generated)
(6 missing values generated)
(495 real changes made)
01e - part 2: Equal-splitting in ARG - 2022 at 07:06:20
(6 missing values generated)
(6 missing values generated)
(495 real changes made)
01e - part 2: Equal-splitting in ARG - 2023 at 07:06:20
(6 missing values generated)
(6 missing values generated)
(495 real changes made)
01e - part 2: Equal-splitting in ARG - 2024 at 07:06:21
(6 missing values generated)
(6 missing values generated)
(495 real changes made)
01e - part 2: Equal-splitting in PER - 2000 at 07:06:21
(6 missing values generated)
(6 missing values generated)
(495 real changes made)
01e - part 2: Equal-splitting in PER - 2001 at 07:06:21
(6 missing values generated)
(6 missing values generated)
(495 real changes made)
01e - part 2: Equal-splitting in PER - 2002 at 07:06:21
(6 missing values generated)
(6 missing values generated)
(495 real changes made)
01e - part 2: Equal-splitting in PER - 2003 at 07:06:22
(6 missing values generated)
(6 missing values generated)
(495 real changes made)
01e - part 2: Equal-splitting in PER - 2004 at 07:06:22
(6 missing values generated)
(6 missing values generated)
(495 real changes made)
01e - part 2: Equal-splitting in PER - 2005 at 07:06:22
(6 missing values generated)
(6 missing values generated)
(495 real changes made)
01e - part 2: Equal-splitting in PER - 2006 at 07:06:22
(6 missing values generated)
(6 missing values generated)
(495 real changes made)
01e - part 2: Equal-splitting in PER - 2007 at 07:06:23
(6 missing values generated)
(6 missing values generated)
(495 real changes made)
01e - part 2: Equal-splitting in PER - 2008 at 07:06:23
(6 missing values generated)
(6 missing values generated)
(495 real changes made)
01e - part 2: Equal-splitting in PER - 2009 at 07:06:23
(6 missing values generated)
(6 missing values generated)
(495 real changes made)
01e - part 2: Equal-splitting in PER - 2010 at 07:06:23
(6 missing values generated)
(6 missing values generated)
(495 real changes made)
01e - part 2: Equal-splitting in PER - 2011 at 07:06:24
(6 missing values generated)
(6 missing values generated)
(495 real changes made)
01e - part 2: Equal-splitting in PER - 2012 at 07:06:24
(6 missing values generated)
(6 missing values generated)
(495 real changes made)
01e - part 2: Equal-splitting in PER - 2013 at 07:06:24
(6 missing values generated)
(6 missing values generated)
(495 real changes made)
01e - part 2: Equal-splitting in PER - 2014 at 07:06:25
(6 missing values generated)
(6 missing values generated)
(495 real changes made)
01e - part 2: Equal-splitting in PER - 2015 at 07:06:25
(6 missing values generated)
(6 missing values generated)
(495 real changes made)
01e - part 2: Equal-splitting in PER - 2016 at 07:06:25
(6 missing values generated)
(6 missing values generated)
(495 real changes made)
01e - part 2: Equal-splitting in PER - 2017 at 07:06:26
(6 missing values generated)
(6 missing values generated)
(495 real changes made)
01e - part 2: Equal-splitting in PER - 2018 at 07:06:26
(6 missing values generated)
(6 missing values generated)
(495 real changes made)
01e - part 2: Equal-splitting in PER - 2019 at 07:06:27
(6 missing values generated)
(6 missing values generated)
(495 real changes made)
01e - part 2: Equal-splitting in PER - 2020 at 07:06:27
(6 missing values generated)
(6 missing values generated)
(495 real changes made)
01e - part 2: Equal-splitting in PER - 2021 at 07:06:27
(6 missing values generated)
(6 missing values generated)
(495 real changes made)
01e - part 2: Equal-splitting in PER - 2022 at 07:06:28
(6 missing values generated)
(6 missing values generated)
(495 real changes made)
01e - part 2: Equal-splitting in PER - 2023 at 07:06:28
(6 missing values generated)
(6 missing values generated)
(495 real changes made)
01e - part 2: Equal-splitting in PER - 2024 at 07:06:28
(6 missing values generated)
(6 missing values generated)
(495 real changes made)
01e - part 2: Equal-splitting in URY - 2000 at 07:06:29
(6 missing values generated)
(6 missing values generated)
(495 real changes made)
01e - part 2: Equal-splitting in URY - 2001 at 07:06:29
(6 missing values generated)
(6 missing values generated)
(495 real changes made)
01e - part 2: Equal-splitting in URY - 2002 at 07:06:29
(6 missing values generated)
(6 missing values generated)
(495 real changes made)
01e - part 2: Equal-splitting in URY - 2003 at 07:06:29
(6 missing values generated)
(6 missing values generated)
(495 real changes made)
01e - part 2: Equal-splitting in URY - 2004 at 07:06:29
(6 missing values generated)
(6 missing values generated)
(495 real changes made)
01e - part 2: Equal-splitting in URY - 2005 at 07:06:30
(6 missing values generated)
(6 missing values generated)
(495 real changes made)
01e - part 2: Equal-splitting in URY - 2007 at 07:06:30
(6 missing values generated)
(6 missing values generated)
(495 real changes made)
01e - part 2: Equal-splitting in URY - 2008 at 07:06:30
(6 missing values generated)
(6 missing values generated)
(495 real changes made)
01e - part 2: Equal-splitting in URY - 2009 at 07:06:31
(6 missing values generated)
(6 missing values generated)
(495 real changes made)
01e - part 2: Equal-splitting in URY - 2010 at 07:06:31
(6 missing values generated)
(6 missing values generated)
(495 real changes made)
01e - part 2: Equal-splitting in URY - 2011 at 07:06:31
(6 missing values generated)
(6 missing values generated)
(495 real changes made)
01e - part 2: Equal-splitting in URY - 2012 at 07:06:32
(6 missing values generated)
(6 missing values generated)
(495 real changes made)
01e - part 2: Equal-splitting in URY - 2013 at 07:06:32
(6 missing values generated)
(6 missing values generated)
(495 real changes made)
01e - part 2: Equal-splitting in URY - 2014 at 07:06:32
(6 missing values generated)
(6 missing values generated)
(495 real changes made)
01e - part 2: Equal-splitting in URY - 2015 at 07:06:33
(6 missing values generated)
(6 missing values generated)
(495 real changes made)
01e - part 2: Equal-splitting in URY - 2016 at 07:06:33
(6 missing values generated)
(6 missing values generated)
(495 real changes made)
01e - part 2: Equal-splitting in URY - 2017 at 07:06:33
(6 missing values generated)
(6 missing values generated)
(495 real changes made)
01e - part 2: Equal-splitting in URY - 2018 at 07:06:34
(6 missing values generated)
(6 missing values generated)
(495 real changes made)
01e - part 2: Equal-splitting in URY - 2019 at 07:06:34
(6 missing values generated)
(6 missing values generated)
(495 real changes made)
01e - part 2: Equal-splitting in URY - 2020 at 07:06:34
(6 missing values generated)
(6 missing values generated)
(495 real changes made)
01e - part 2: Equal-splitting in URY - 2021 at 07:06:35
(6 missing values generated)
(6 missing values generated)
(495 real changes made)
01e - part 2: Equal-splitting in URY - 2022 at 07:06:35
(6 missing values generated)
(6 missing values generated)
(495 real changes made)
01e - part 2: Equal-splitting in URY - 2023 at 07:06:35
(6 missing values generated)
(6 missing values generated)
(495 real changes made)
01e - part 2: Equal-splitting in URY - 2024 at 07:06:35
(6 missing values generated)
(6 missing values generated)
(495 real changes made)
01e - part 2: Equal-splitting in CRI - 2000 at 07:06:35
(6 missing values generated)
(6 missing values generated)
(495 real changes made)
01e - part 2: Equal-splitting in CRI - 2001 at 07:06:36
(6 missing values generated)
(6 missing values generated)
(495 real changes made)
01e - part 2: Equal-splitting in CRI - 2002 at 07:06:36
(6 missing values generated)
(6 missing values generated)
(495 real changes made)
01e - part 2: Equal-splitting in CRI - 2003 at 07:06:36
(6 missing values generated)
(6 missing values generated)
(495 real changes made)
01e - part 2: Equal-splitting in CRI - 2004 at 07:06:36
(6 missing values generated)
(6 missing values generated)
(495 real changes made)
01e - part 2: Equal-splitting in CRI - 2005 at 07:06:36
(6 missing values generated)
(6 missing values generated)
(495 real changes made)
01e - part 2: Equal-splitting in CRI - 2006 at 07:06:36
(6 missing values generated)
(6 missing values generated)
(495 real changes made)
01e - part 2: Equal-splitting in CRI - 2007 at 07:06:37
(6 missing values generated)
(6 missing values generated)
(495 real changes made)
01e - part 2: Equal-splitting in CRI - 2008 at 07:06:37
(6 missing values generated)
(6 missing values generated)
(495 real changes made)
01e - part 2: Equal-splitting in CRI - 2009 at 07:06:37
(6 missing values generated)
(6 missing values generated)
(495 real changes made)
01e - part 2: Equal-splitting in CRI - 2010 at 07:06:37
(6 missing values generated)
(6 missing values generated)
(495 real changes made)
01e - part 2: Equal-splitting in CRI - 2011 at 07:06:37
(6 missing values generated)
(6 missing values generated)
(495 real changes made)
01e - part 2: Equal-splitting in CRI - 2012 at 07:06:37
(6 missing values generated)
(6 missing values generated)
(495 real changes made)
01e - part 2: Equal-splitting in CRI - 2013 at 07:06:38
(6 missing values generated)
(6 missing values generated)
(495 real changes made)
01e - part 2: Equal-splitting in CRI - 2014 at 07:06:38
(6 missing values generated)
(6 missing values generated)
(495 real changes made)
01e - part 2: Equal-splitting in CRI - 2015 at 07:06:38
(6 missing values generated)
(6 missing values generated)
(495 real changes made)
01e - part 2: Equal-splitting in CRI - 2016 at 07:06:38
(6 missing values generated)
(6 missing values generated)
(495 real changes made)
01e - part 2: Equal-splitting in CRI - 2017 at 07:06:38
(6 missing values generated)
(6 missing values generated)
(495 real changes made)
01e - part 2: Equal-splitting in CRI - 2018 at 07:06:38
(6 missing values generated)
(6 missing values generated)
(495 real changes made)
01e - part 2: Equal-splitting in CRI - 2019 at 07:06:39
(6 missing values generated)
(6 missing values generated)
(495 real changes made)
01e - part 2: Equal-splitting in CRI - 2020 at 07:06:39
(6 missing values generated)
(6 missing values generated)
(495 real changes made)
01e - part 2: Equal-splitting in CRI - 2021 at 07:06:39
(6 missing values generated)
(6 missing values generated)
(495 real changes made)
01e - part 2: Equal-splitting in CRI - 2022 at 07:06:39
(6 missing values generated)
(6 missing values generated)
(495 real changes made)
01e - part 2: Equal-splitting in CRI - 2023 at 07:06:39
(6 missing values generated)
(6 missing values generated)
(495 real changes made)
01e - part 2: Equal-splitting in CRI - 2024 at 07:06:39
(6 missing values generated)
(6 missing values generated)
(495 real changes made)
01e - part 2: Equal-splitting in ECU - 2001 at 07:06:39
(6 missing values generated)
(6 missing values generated)
(495 real changes made)
01e - part 2: Equal-splitting in ECU - 2003 at 07:06:40
(6 missing values generated)
(6 missing values generated)
(495 real changes made)
01e - part 2: Equal-splitting in ECU - 2005 at 07:06:40
(6 missing values generated)
(6 missing values generated)
(495 real changes made)
01e - part 2: Equal-splitting in ECU - 2006 at 07:06:40
(6 missing values generated)
(6 missing values generated)
(495 real changes made)
01e - part 2: Equal-splitting in ECU - 2007 at 07:06:40
(6 missing values generated)
(6 missing values generated)
(495 real changes made)
01e - part 2: Equal-splitting in ECU - 2008 at 07:06:40
(6 missing values generated)
(6 missing values generated)
(495 real changes made)
01e - part 2: Equal-splitting in ECU - 2009 at 07:06:41
(6 missing values generated)
(6 missing values generated)
(495 real changes made)
01e - part 2: Equal-splitting in ECU - 2010 at 07:06:41
(6 missing values generated)
(6 missing values generated)
(495 real changes made)
01e - part 2: Equal-splitting in ECU - 2011 at 07:06:41
(6 missing values generated)
(6 missing values generated)
(495 real changes made)
01e - part 2: Equal-splitting in ECU - 2012 at 07:06:41
(6 missing values generated)
(6 missing values generated)
(495 real changes made)
01e - part 2: Equal-splitting in ECU - 2013 at 07:06:42
(6 missing values generated)
(6 missing values generated)
(495 real changes made)
01e - part 2: Equal-splitting in ECU - 2014 at 07:06:42
(6 missing values generated)
(6 missing values generated)
(495 real changes made)
01e - part 2: Equal-splitting in ECU - 2015 at 07:06:42
(6 missing values generated)
(6 missing values generated)
(495 real changes made)
01e - part 2: Equal-splitting in ECU - 2016 at 07:06:43
(6 missing values generated)
(6 missing values generated)
(495 real changes made)
01e - part 2: Equal-splitting in ECU - 2017 at 07:06:43
(6 missing values generated)
(6 missing values generated)
(495 real changes made)
01e - part 2: Equal-splitting in ECU - 2018 at 07:06:43
(6 missing values generated)
(6 missing values generated)
(495 real changes made)
01e - part 2: Equal-splitting in ECU - 2019 at 07:06:43
(6 missing values generated)
(6 missing values generated)
(495 real changes made)
01e - part 2: Equal-splitting in ECU - 2020 at 07:06:44
(6 missing values generated)
(6 missing values generated)
(495 real changes made)
01e - part 2: Equal-splitting in ECU - 2021 at 07:06:44
(6 missing values generated)
(6 missing values generated)
(495 real changes made)
01e - part 2: Equal-splitting in ECU - 2022 at 07:06:45
(6 missing values generated)
(6 missing values generated)
(495 real changes made)
01e - part 2: Equal-splitting in ECU - 2023 at 07:06:45
(6 missing values generated)
(6 missing values generated)
(495 real changes made)
01e - part 2: Equal-splitting in ECU - 2024 at 07:06:46
(6 missing values generated)
(6 missing values generated)
(495 real changes made)
01e - part 2: Equal-splitting in CHL - 2000 at 07:06:47
(6 missing values generated)
(6 missing values generated)
(495 real changes made)
01e - part 2: Equal-splitting in CHL - 2003 at 07:06:48
(6 missing values generated)
(6 missing values generated)
(495 real changes made)
01e - part 2: Equal-splitting in CHL - 2006 at 07:06:48
(6 missing values generated)
(6 missing values generated)
(495 real changes made)
01e - part 2: Equal-splitting in CHL - 2009 at 07:06:49
(6 missing values generated)
(6 missing values generated)
(495 real changes made)
01e - part 2: Equal-splitting in CHL - 2011 at 07:06:50
(6 missing values generated)
(6 missing values generated)
(495 real changes made)
01e - part 2: Equal-splitting in CHL - 2013 at 07:06:50
(6 missing values generated)
(6 missing values generated)
(495 real changes made)
01e - part 2: Equal-splitting in CHL - 2015 at 07:06:51
(6 missing values generated)
(6 missing values generated)
(495 real changes made)
01e - part 2: Equal-splitting in CHL - 2017 at 07:06:52
(6 missing values generated)
(6 missing values generated)
(495 real changes made)
01e - part 2: Equal-splitting in CHL - 2020 at 07:06:52
(6 missing values generated)
(6 missing values generated)
(495 real changes made)
01e - part 2: Equal-splitting in CHL - 2022 at 07:06:53
(6 missing values generated)
(6 missing values generated)
(495 real changes made)
01e - part 2: Equal-splitting in CHL - 2024 at 07:06:53
(6 missing values generated)
(6 missing values generated)
(495 real changes made)
01e - part 2: Equal-splitting in BRA - 2001 at 07:06:54
(6 missing values generated)
(6 missing values generated)
(495 real changes made)
01e - part 2: Equal-splitting in BRA - 2002 at 07:06:55
(6 missing values generated)
(6 missing values generated)
(495 real changes made)
01e - part 2: Equal-splitting in BRA - 2003 at 07:06:56
(6 missing values generated)
(6 missing values generated)
(495 real changes made)
01e - part 2: Equal-splitting in BRA - 2004 at 07:06:57
(6 missing values generated)
(6 missing values generated)
(495 real changes made)
01e - part 2: Equal-splitting in BRA - 2005 at 07:06:58
(6 missing values generated)
(6 missing values generated)
(495 real changes made)
01e - part 2: Equal-splitting in BRA - 2006 at 07:06:59
(6 missing values generated)
(6 missing values generated)
(495 real changes made)
01e - part 2: Equal-splitting in BRA - 2007 at 07:07:00
(6 missing values generated)
(6 missing values generated)
(495 real changes made)
01e - part 2: Equal-splitting in BRA - 2008 at 07:07:01
(6 missing values generated)
(6 missing values generated)
(495 real changes made)
01e - part 2: Equal-splitting in BRA - 2009 at 07:07:03
(6 missing values generated)
(6 missing values generated)
(495 real changes made)
01e - part 2: Equal-splitting in BRA - 2011 at 07:07:04
(6 missing values generated)
(6 missing values generated)
(495 real changes made)
01e - part 2: Equal-splitting in BRA - 2012 at 07:07:05
(6 missing values generated)
(6 missing values generated)
(495 real changes made)
01e - part 2: Equal-splitting in BRA - 2013 at 07:07:06
(6 missing values generated)
(6 missing values generated)
(495 real changes made)
01e - part 2: Equal-splitting in BRA - 2014 at 07:07:07
(6 missing values generated)
(6 missing values generated)
(495 real changes made)
01e - part 2: Equal-splitting in BRA - 2015 at 07:07:08
(6 missing values generated)
(6 missing values generated)
(495 real changes made)
01e - part 2: Equal-splitting in BRA - 2016 at 07:07:09
(6 missing values generated)
(6 missing values generated)
(495 real changes made)
01e - part 2: Equal-splitting in BRA - 2017 at 07:07:10
(6 missing values generated)
(6 missing values generated)
(495 real changes made)
01e - part 2: Equal-splitting in BRA - 2018 at 07:07:11
(6 missing values generated)
(6 missing values generated)
(495 real changes made)
01e - part 2: Equal-splitting in BRA - 2019 at 07:07:12
(6 missing values generated)
(6 missing values generated)
(495 real changes made)
01e - part 2: Equal-splitting in BRA - 2020 at 07:07:14
(6 missing values generated)
(6 missing values generated)
(495 real changes made)
01e - part 2: Equal-splitting in BRA - 2021 at 07:07:15
(6 missing values generated)
(6 missing values generated)
(495 real changes made)
01e - part 2: Equal-splitting in BRA - 2022 at 07:07:16
(6 missing values generated)
(6 missing values generated)
(495 real changes made)
01e - part 2: Equal-splitting in BRA - 2023 at 07:07:17
(6 missing values generated)
(6 missing values generated)
(495 real changes made)
01e - part 2: Equal-splitting in BRA - 2024 at 07:07:18
(6 missing values generated)
(6 missing values generated)
(495 real changes made)
01e - part 2: Equal-splitting in SLV - 2000 at 07:07:19
(6 missing values generated)
(6 missing values generated)
(495 real changes made)
01e - part 2: Equal-splitting in SLV - 2001 at 07:07:19
(6 missing values generated)
(6 missing values generated)
(495 real changes made)
01e - part 2: Equal-splitting in SLV - 2002 at 07:07:19
(6 missing values generated)
(6 missing values generated)
(495 real changes made)
01e - part 2: Equal-splitting in SLV - 2003 at 07:07:19
(6 missing values generated)
(6 missing values generated)
(495 real changes made)
01e - part 2: Equal-splitting in SLV - 2004 at 07:07:19
(6 missing values generated)
(6 missing values generated)
(495 real changes made)
01e - part 2: Equal-splitting in SLV - 2005 at 07:07:20
(6 missing values generated)
(6 missing values generated)
(495 real changes made)
01e - part 2: Equal-splitting in SLV - 2006 at 07:07:20
(6 missing values generated)
(6 missing values generated)
(495 real changes made)
01e - part 2: Equal-splitting in SLV - 2007 at 07:07:20
(6 missing values generated)
(6 missing values generated)
(495 real changes made)
01e - part 2: Equal-splitting in SLV - 2009 at 07:07:20
(6 missing values generated)
(6 missing values generated)
(495 real changes made)
01e - part 2: Equal-splitting in SLV - 2010 at 07:07:21
(6 missing values generated)
(6 missing values generated)
(495 real changes made)
01e - part 2: Equal-splitting in SLV - 2012 at 07:07:21
(6 missing values generated)
(6 missing values generated)
(495 real changes made)
01e - part 2: Equal-splitting in SLV - 2013 at 07:07:21
(6 missing values generated)
(6 missing values generated)
(495 real changes made)
01e - part 2: Equal-splitting in SLV - 2014 at 07:07:21
(6 missing values generated)
(6 missing values generated)
(495 real changes made)
01e - part 2: Equal-splitting in SLV - 2015 at 07:07:22
(6 missing values generated)
(6 missing values generated)
(495 real changes made)
01e - part 2: Equal-splitting in SLV - 2016 at 07:07:22
(6 missing values generated)
(6 missing values generated)
(495 real changes made)
01e - part 2: Equal-splitting in SLV - 2017 at 07:07:22
(6 missing values generated)
(6 missing values generated)
(495 real changes made)
01e - part 2: Equal-splitting in SLV - 2018 at 07:07:22
(6 missing values generated)
(6 missing values generated)
(495 real changes made)
01e - part 2: Equal-splitting in SLV - 2019 at 07:07:23
(6 missing values generated)
(6 missing values generated)
(495 real changes made)
01e - part 2: Equal-splitting in SLV - 2020 at 07:07:23
(6 missing values generated)
(6 missing values generated)
(495 real changes made)
01e - part 2: Equal-splitting in SLV - 2021 at 07:07:23
(6 missing values generated)
(6 missing values generated)
(495 real changes made)
01e - part 2: Equal-splitting in SLV - 2022 at 07:07:23
(6 missing values generated)
(6 missing values generated)
(495 real changes made)
01e - part 2: Equal-splitting in SLV - 2023 at 07:07:23
(6 missing values generated)
(6 missing values generated)
(495 real changes made)
01e - part 2: Equal-splitting in SLV - 2024 at 07:07:24
(6 missing values generated)
(6 missing values generated)
(495 real changes made)
01e - part 2: Equal-splitting in MEX - 2000 at 07:07:24
(6 missing values generated)
(6 missing values generated)
(495 real changes made)
01e - part 2: Equal-splitting in MEX - 2002 at 07:07:24
(6 missing values generated)
(6 missing values generated)
(495 real changes made)
01e - part 2: Equal-splitting in MEX - 2004 at 07:07:24
(6 missing values generated)
(6 missing values generated)
(495 real changes made)
01e - part 2: Equal-splitting in MEX - 2006 at 07:07:25
(6 missing values generated)
(6 missing values generated)
(495 real changes made)
01e - part 2: Equal-splitting in MEX - 2008 at 07:07:25
(6 missing values generated)
(6 missing values generated)
(495 real changes made)
01e - part 2: Equal-splitting in MEX - 2010 at 07:07:26
(6 missing values generated)
(6 missing values generated)
(495 real changes made)
01e - part 2: Equal-splitting in MEX - 2012 at 07:07:26
(6 missing values generated)
(6 missing values generated)
(495 real changes made)
01e - part 2: Equal-splitting in MEX - 2014 at 07:07:27
(6 missing values generated)
(6 missing values generated)
(495 real changes made)
01e - part 2: Equal-splitting in MEX - 2016 at 07:07:27
(6 missing values generated)
(6 missing values generated)
(495 real changes made)
01e - part 2: Equal-splitting in MEX - 2018 at 07:07:28
(6 missing values generated)
(6 missing values generated)
(495 real changes made)
01e - part 2: Equal-splitting in MEX - 2020 at 07:07:29
(6 missing values generated)
(6 missing values generated)
(495 real changes made)
01e - part 2: Equal-splitting in MEX - 2022 at 07:07:29
(6 missing values generated)
(6 missing values generated)
(495 real changes made)
01e - part 2: Equal-splitting in MEX - 2024 at 07:07:30
(6 missing values generated)
(6 missing values generated)
(495 real changes made)
01e - part 2: Equal-splitting in DOM - 2000 at 07:07:31
(6 missing values generated)
(6 missing values generated)
(495 real changes made)
01e - part 2: Equal-splitting in DOM - 2001 at 07:07:31
(6 missing values generated)
(6 missing values generated)
(495 real changes made)
01e - part 2: Equal-splitting in DOM - 2002 at 07:07:31
(6 missing values generated)
(6 missing values generated)
(495 real changes made)
01e - part 2: Equal-splitting in DOM - 2003 at 07:07:31
(6 missing values generated)
(6 missing values generated)
(495 real changes made)
01e - part 2: Equal-splitting in DOM - 2004 at 07:07:31
(6 missing values generated)
(6 missing values generated)
(495 real changes made)
01e - part 2: Equal-splitting in DOM - 2005 at 07:07:32
(6 missing values generated)
(6 missing values generated)
(495 real changes made)
01e - part 2: Equal-splitting in DOM - 2006 at 07:07:32
(6 missing values generated)
(6 missing values generated)
(495 real changes made)
01e - part 2: Equal-splitting in DOM - 2007 at 07:07:32
(6 missing values generated)
(6 missing values generated)
(495 real changes made)
01e - part 2: Equal-splitting in DOM - 2008 at 07:07:32
(6 missing values generated)
(6 missing values generated)
(495 real changes made)
01e - part 2: Equal-splitting in DOM - 2009 at 07:07:32
(6 missing values generated)
(6 missing values generated)
(495 real changes made)
01e - part 2: Equal-splitting in DOM - 2010 at 07:07:32
(6 missing values generated)
(6 missing values generated)
(495 real changes made)
01e - part 2: Equal-splitting in DOM - 2011 at 07:07:32
(6 missing values generated)
(6 missing values generated)
(495 real changes made)
01e - part 2: Equal-splitting in DOM - 2012 at 07:07:32
(6 missing values generated)
(6 missing values generated)
(495 real changes made)
01e - part 2: Equal-splitting in DOM - 2013 at 07:07:33
(6 missing values generated)
(6 missing values generated)
(495 real changes made)
01e - part 2: Equal-splitting in DOM - 2014 at 07:07:33
(6 missing values generated)
(6 missing values generated)
(495 real changes made)
01e - part 2: Equal-splitting in DOM - 2015 at 07:07:33
(6 missing values generated)
(6 missing values generated)
(495 real changes made)
01e - part 2: Equal-splitting in DOM - 2016 at 07:07:33
(6 missing values generated)
(6 missing values generated)
(495 real changes made)
01e - part 2: Equal-splitting in DOM - 2017 at 07:07:33
(6 missing values generated)
(6 missing values generated)
(495 real changes made)
01e - part 2: Equal-splitting in DOM - 2018 at 07:07:34
(6 missing values generated)
(6 missing values generated)
(495 real changes made)
01e - part 2: Equal-splitting in DOM - 2019 at 07:07:34
(6 missing values generated)
(6 missing values generated)
(495 real changes made)
01e - part 2: Equal-splitting in DOM - 2020 at 07:07:34
(6 missing values generated)
(6 missing values generated)
(495 real changes made)
01e - part 2: Equal-splitting in DOM - 2021 at 07:07:34
(6 missing values generated)
(6 missing values generated)
(495 real changes made)
01e - part 2: Equal-splitting in DOM - 2022 at 07:07:35
(6 missing values generated)
(6 missing values generated)
(495 real changes made)
01e - part 2: Equal-splitting in DOM - 2023 at 07:07:35
(6 missing values generated)
(6 missing values generated)
(495 real changes made)
01e - part 2: Equal-splitting in DOM - 2024 at 07:07:35
(6 missing values generated)
(6 missing values generated)
(495 real changes made)

. 
. 
end of do-file

. local dina_task_rc = _rc

. capture log close _all

. exit `dina_task_rc'

end of do-file
